 modbus

 Timestamp is 5b350acb (Thu Jun 28 11:20:27 2018)

 Preferred load address is 10000000

 Start         Length     Name                   Class
 0001:00000000 0007ade0H .text$mn                CODE
 0001:0007ade0 000000abH .text$x                 CODE
 0002:00000000 000001e0H .idata$5                DATA
 0002:000001e0 00000004H .00cfg                  DATA
 0002:000001e4 00000004H .CRT$XCA                DATA
 0002:000001e8 00000004H .CRT$XCZ                DATA
 0002:000001ec 00000004H .CRT$XIA                DATA
 0002:000001f0 0000000cH .CRT$XIC                DATA
 0002:000001fc 00000004H .CRT$XIZ                DATA
 0002:00000200 00000004H .CRT$XPA                DATA
 0002:00000204 00000008H .CRT$XPX                DATA
 0002:0000020c 00000004H .CRT$XPXA               DATA
 0002:00000210 00000004H .CRT$XPZ                DATA
 0002:00000214 00000004H .CRT$XTA                DATA
 0002:00000218 00000008H .CRT$XTZ                DATA
 0002:00000220 0001ca04H .rdata                  DATA
 0002:0001cc24 000002acH .rdata$r                DATA
 0002:0001ced0 00000024H .rdata$sxdata           DATA
 0002:0001cef4 00000348H .rdata$zzzdbg           DATA
 0002:0001d23c 00000004H .rtc$IAA                DATA
 0002:0001d240 00000010H .rtc$IMZ                DATA
 0002:0001d250 00000004H .rtc$IZZ                DATA
 0002:0001d254 00000004H .rtc$TAA                DATA
 0002:0001d258 00000010H .rtc$TMZ                DATA
 0002:0001d268 00000008H .rtc$TZZ                DATA
 0002:0001d270 00000ba0H .xdata$x                DATA
 0002:0001de10 00000818H .edata                  DATA
 0002:0001e628 00000028H .idata$2                DATA
 0002:0001e650 00000014H .idata$3                DATA
 0002:0001e664 000001e0H .idata$4                DATA
 0002:0001e844 00000730H .idata$6                DATA
 0003:00000000 00001650H .data                   DATA
 0003:00001650 00000110H .data$r                 DATA
 0003:00001760 00001760H .bss                    DATA
 0004:00000000 000000d4H .gfids$x                DATA
 0004:000000d4 0000009cH .gfids$y                DATA
 0005:00000000 000000a0H .rsrc$01                DATA
 0005:000000a0 000003f0H .rsrc$02                DATA

  Address         Publics by Value              Rva+Base       Lib:Object

 0000:00000000       ___guard_fids_count        00000000     <absolute>
 0000:00000000       ___guard_longjmp_count     00000000     <absolute>
 0000:00000000       ___guard_fids_table        00000000     <absolute>
 0000:00000000       ___dynamic_value_reloc_table 00000000     <absolute>
 0000:00000000       ___guard_longjmp_table     00000000     <absolute>
 0000:00000000       ___guard_iat_count         00000000     <absolute>
 0000:00000000       __except_list              00000000     <absolute>
 0000:00000000       ___guard_iat_table         00000000     <absolute>
 0000:00000009       ___safe_se_handler_count   00000009     <absolute>
 0000:00000100       ___guard_flags             00000100     <absolute>
 0000:00000000       ___ImageBase               10000000     <linker-defined>
 0001:00000000       _modbus_set_bits_from_byte 10001000 f   modbus-data.obj
 0001:00000060       _modbus_set_bits_from_bytes 10001060 f   modbus-data.obj
 0001:000000f0       _modbus_get_byte_from_bits 100010f0 f   modbus-data.obj
 0001:00000160       _modbus_get_float          10001160 f   modbus-data.obj
 0001:000001a0       _modbus_get_float_abcd     100011a0 f   modbus-data.obj
 0001:000001e0       _modbus_get_float_dcba     100011e0 f   modbus-data.obj
 0001:00000230       _modbus_get_float_badc     10001230 f   modbus-data.obj
 0001:00000280       _modbus_get_float_cdab     10001280 f   modbus-data.obj
 0001:000002c0       _modbus_set_float          100012c0 f   modbus-data.obj
 0001:00000300       _modbus_set_float_abcd     10001300 f   modbus-data.obj
 0001:00000350       _modbus_set_float_dcba     10001350 f   modbus-data.obj
 0001:000003a0       _modbus_set_float_badc     100013a0 f   modbus-data.obj
 0001:000003f0       _modbus_set_float_cdab     100013f0 f   modbus-data.obj
 0001:00000440       _modbus_new_rtu            10001440 f   modbus-rtu.obj
 0001:00000640       _modbus_rtu_set_serial_mode 10001640 f   modbus-rtu.obj
 0001:000006b0       _modbus_rtu_get_serial_mode 100016b0 f   modbus-rtu.obj
 0001:00000720       _modbus_rtu_set_rts        10001720 f   modbus-rtu.obj
 0001:00000790       _modbus_rtu_get_rts        10001790 f   modbus-rtu.obj
 0001:00000800       _modbus_rtu_set_custom_rts 10001800 f   modbus-rtu.obj
 0001:00000870       _modbus_rtu_set_rts_delay  10001870 f   modbus-rtu.obj
 0001:000008e0       _modbus_rtu_get_rts_delay  100018e0 f   modbus-rtu.obj
 0001:000015b0       ___local_stdio_printf_options 100025b0 f i modbus-rtu.obj
 0001:000015c0       __vfprintf_l               100025c0 f i modbus-rtu.obj
 0001:000015f0       _fprintf                   100025f0 f i modbus-rtu.obj
 0001:00001630       _printf                    10002630 f i modbus-rtu.obj
 0001:00001670       _modbus_new_tcp            10002670 f   modbus-tcp.obj
 0001:000017c0       _modbus_tcp_listen         100027c0 f   modbus-tcp.obj
 0001:00001920       _modbus_tcp_accept         10002920 f   modbus-tcp.obj
 0001:000019b0       _modbus_new_tcp_pi         100029b0 f   modbus-tcp.obj
 0001:00001c00       _modbus_tcp_pi_listen      10002c00 f   modbus-tcp.obj
 0001:00001eb0       _modbus_tcp_pi_accept      10002eb0 f   modbus-tcp.obj
 0001:00002b60       _gai_strerrorA             10003b60 f i modbus-tcp.obj
 0001:00002ba0       _modbus_set_slave          10003ba0 f   modbus.obj
 0001:00002be0       _modbus_get_slave          10003be0 f   modbus.obj
 0001:00002c00       _modbus_set_error_recovery 10003c00 f   modbus.obj
 0001:00002c30       _modbus_set_socket         10003c30 f   modbus.obj
 0001:00002c60       _modbus_get_socket         10003c60 f   modbus.obj
 0001:00002c90       _modbus_get_response_timeout 10003c90 f   modbus.obj
 0001:00002cd0       _modbus_set_response_timeout 10003cd0 f   modbus.obj
 0001:00002d20       _modbus_get_byte_timeout   10003d20 f   modbus.obj
 0001:00002d60       _modbus_set_byte_timeout   10003d60 f   modbus.obj
 0001:00002da0       _modbus_get_indication_timeout 10003da0 f   modbus.obj
 0001:00002de0       _modbus_set_indication_timeout 10003de0 f   modbus.obj
 0001:00002e20       _modbus_get_header_length  10003e20 f   modbus.obj
 0001:00002e50       _modbus_connect            10003e50 f   modbus.obj
 0001:00002e80       _modbus_close              10003e80 f   modbus.obj
 0001:00002ea0       _modbus_free               10003ea0 f   modbus.obj
 0001:00002ec0       _modbus_flush              10003ec0 f   modbus.obj
 0001:00002f20       _modbus_set_debug          10003f20 f   modbus.obj
 0001:00002f50       _modbus_strerror           10003f50 f   modbus.obj
 0001:00003040       _modbus_read_bits          10004040 f   modbus.obj
 0001:000030d0       _modbus_read_input_bits    100040d0 f   modbus.obj
 0001:00003160       _modbus_read_registers     10004160 f   modbus.obj
 0001:000031e0       _modbus_read_input_registers 100041e0 f   modbus.obj
 0001:00003260       _modbus_write_bit          10004260 f   modbus.obj
 0001:000032b0       _modbus_write_register     100042b0 f   modbus.obj
 0001:000032f0       _modbus_write_bits         100042f0 f   modbus.obj
 0001:00003600       _modbus_write_registers    10004600 f   modbus.obj
 0001:000037e0       _modbus_mask_write_register 100047e0 f   modbus.obj
 0001:00003940       _modbus_write_and_read_registers 10004940 f   modbus.obj
 0001:00003c80       _modbus_report_slave_id    10004c80 f   modbus.obj
 0001:00003df0       _modbus_mapping_new_start_address 10004df0 f   modbus.obj
 0001:00004010       _modbus_mapping_new        10005010 f   modbus.obj
 0001:00004040       _modbus_mapping_free       10005040 f   modbus.obj
 0001:000040a0       _modbus_send_raw_request   100050a0 f   modbus.obj
 0001:000041b0       _modbus_receive            100051b0 f   modbus.obj
 0001:000041f0       _modbus_receive_confirmation 100051f0 f   modbus.obj
 0001:00004220       _modbus_reply              10005220 f   modbus.obj
 0001:00005420       _modbus_reply_exception    10006420 f   modbus.obj
 0001:00005550       __modbus_init_common       10006550 f   modbus.obj
 0001:000055c0       __error_print              100065c0 f   modbus.obj
 0001:00005640       __modbus_receive_msg       10006640 f   modbus.obj
 0001:00005af0       _strlcpy                   10006af0 f   modbus.obj
 0001:00006960       _vfprintf                  10007960 f i modbus.obj
 0001:0000697c       _htonl@4                   1000797c f   ws2_32:WS2_32.dll
 0001:00006982       _ntohl@4                   10007982 f   ws2_32:WS2_32.dll
 0001:00006988       _accept@12                 10007988 f   ws2_32:WS2_32.dll
 0001:0000698e       _bind@12                   1000798e f   ws2_32:WS2_32.dll
 0001:00006994       _closesocket@4             10007994 f   ws2_32:WS2_32.dll
 0001:0000699a       _connect@12                1000799a f   ws2_32:WS2_32.dll
 0001:000069a0       _ioctlsocket@12            100079a0 f   ws2_32:WS2_32.dll
 0001:000069a6       _getsockopt@20             100079a6 f   ws2_32:WS2_32.dll
 0001:000069ac       _htons@4                   100079ac f   ws2_32:WS2_32.dll
 0001:000069b2       _inet_addr@4               100079b2 f   ws2_32:WS2_32.dll
 0001:000069b8       _inet_ntoa@4               100079b8 f   ws2_32:WS2_32.dll
 0001:000069be       _listen@8                  100079be f   ws2_32:WS2_32.dll
 0001:000069c4       _recv@16                   100079c4 f   ws2_32:WS2_32.dll
 0001:000069ca       _select@20                 100079ca f   ws2_32:WS2_32.dll
 0001:000069d0       _send@16                   100079d0 f   ws2_32:WS2_32.dll
 0001:000069d6       _setsockopt@20             100079d6 f   ws2_32:WS2_32.dll
 0001:000069dc       _shutdown@8                100079dc f   ws2_32:WS2_32.dll
 0001:000069e2       _socket@12                 100079e2 f   ws2_32:WS2_32.dll
 0001:000069e8       _WSAStartup@8              100079e8 f   ws2_32:WS2_32.dll
 0001:000069ee       _WSAGetLastError@0         100079ee f   ws2_32:WS2_32.dll
 0001:000069f4       _getaddrinfo@16            100079f4 f   ws2_32:WS2_32.dll
 0001:000069fa       _freeaddrinfo@4            100079fa f   ws2_32:WS2_32.dll
 0001:00006a00       _CreateFileA@28            10007a00 f   kernel32:KERNEL32.dll
 0001:00006a06       _ReadFile@20               10007a06 f   kernel32:KERNEL32.dll
 0001:00006a0c       _WriteFile@20              10007a0c f   kernel32:KERNEL32.dll
 0001:00006a12       _CloseHandle@4             10007a12 f   kernel32:KERNEL32.dll
 0001:00006a18       _GetLastError@0            10007a18 f   kernel32:KERNEL32.dll
 0001:00006a1e       _GetCommState@8            10007a1e f   kernel32:KERNEL32.dll
 0001:00006a24       _PurgeComm@8               10007a24 f   kernel32:KERNEL32.dll
 0001:00006a2a       _SetCommState@8            10007a2a f   kernel32:KERNEL32.dll
 0001:00006a30       _SetCommTimeouts@8         10007a30 f   kernel32:KERNEL32.dll
 0001:00006a36       _FormatMessageA@28         10007a36 f   kernel32:KERNEL32.dll
 0001:00006a3c       _Sleep@4                   10007a3c f   kernel32:KERNEL32.dll
 0001:00006a50       __CRT_RTC_INIT             10007a50 f   LIBCMTD:_init_.obj
 0001:00006a60       __CRT_RTC_INITW            10007a60 f   LIBCMTD:_init_.obj
 0001:00006a70       __RTC_InitBase             10007a70 f   LIBCMTD:_init_.obj
 0001:00006aa0       __RTC_Shutdown             10007aa0 f   LIBCMTD:_init_.obj
 0001:00006ac0       @__security_check_cookie@4 10007ac0 f   LIBCMTD:_secchk_.obj
 0001:00006ae0       ??$__vcrt_va_start_verify_argument_type@QBD@@YAXXZ 10007ae0 f i LIBCMTD:_error_.obj
 0001:00006c40       ?_RTC_AllocaFailure@@YAXPAXPAU_RTC_ALLOCA_NODE@@H@Z 10007c40 f   LIBCMTD:_error_.obj
 0001:00006d60       ?_RTC_Failure@@YAXPAXH@Z   10007d60 f   LIBCMTD:_error_.obj
 0001:00006db0       ?_RTC_StackFailure@@YAXPAXPBD@Z 10007db0 f   LIBCMTD:_error_.obj
 0001:00007150       __RTC_UninitUse            10008150 f   LIBCMTD:_error_.obj
 0001:00007240       __vsprintf_s_l             10008240 f i LIBCMTD:_error_.obj
 0001:00007270       _sprintf_s                 10008270 f i LIBCMTD:_error_.obj
 0001:000072a0       ___raise_securityfailure   100082a0 f   LIBCMTD:gs_report.obj
 0001:000072d0       ___report_gsfailure        100082d0 f   LIBCMTD:gs_report.obj
 0001:000073e0       ___report_rangecheckfailure 100083e0 f   LIBCMTD:gs_report.obj
 0001:000073f0       ___report_securityfailure  100083f0 f   LIBCMTD:gs_report.obj
 0001:000074d0       ___report_securityfailureEx 100084d0 f   LIBCMTD:gs_report.obj
 0001:00007aa0       __CRT_INIT@12              10008aa0 f   LIBCMTD:dll_dllmain.obj
 0001:00007ac0       __DllMainCRTStartup@12     10008ac0 f   LIBCMTD:dll_dllmain.obj
 0001:00007af0       ?_RTC_GetErrorFunc@@YAP6AHHPBDH00ZZPBX@Z 10008af0 f   LIBCMTD:_userapi_.obj
 0001:00007b00       ?_RTC_GetErrorFuncW@@YAP6AHHPB_WH00ZZPBX@Z 10008b00 f   LIBCMTD:_userapi_.obj
 0001:00007b10       __RTC_GetErrDesc           10008b10 f   LIBCMTD:_userapi_.obj
 0001:00007b30       __RTC_NumErrors            10008b30 f   LIBCMTD:_userapi_.obj
 0001:00007b40       __RTC_SetErrorFunc         10008b40 f   LIBCMTD:_userapi_.obj
 0001:00007b60       __RTC_SetErrorFuncW        10008b60 f   LIBCMTD:_userapi_.obj
 0001:00007b80       __RTC_SetErrorType         10008b80 f   LIBCMTD:_userapi_.obj
 0001:00008040       ?_RTC_GetSrcLine@@YAHPAEPA_WKPAH1K@Z 10009040 f   LIBCMTD:_pdblkup_.obj
 0001:000083a0       @_guard_check_icall@4      100093a0 f i LIBCMTD:checkcfg.obj
 0001:000083c0       ??$__crt_fast_decode_pointer@PAP6AXXZ@@YAPAP6AXXZQAP6AXXZ@Z 100093c0 f i LIBCMTD:utility.obj
 0001:000083f0       ??$__crt_fast_encode_pointer@PAP6AXXZ@@YAPAP6AXXZQAP6AXXZ@Z 100093f0 f i LIBCMTD:utility.obj
 0001:00008420       ?__crt_rotate_pointer_value@@YAIIH@Z 10009420 f i LIBCMTD:utility.obj
 0001:00008430       ?configure_argv@__scrt_narrow_argv_policy@@SAHXZ 10009430 f i LIBCMTD:utility.obj
 0001:00008550       _NtCurrentTeb              10009550 f i LIBCMTD:utility.obj
 0001:00008560       ___scrt_acquire_startup_lock 10009560 f   LIBCMTD:utility.obj
 0001:000085b0       ___scrt_dllmain_after_initialize_c 100095b0 f   LIBCMTD:utility.obj
 0001:000085e0       ___scrt_dllmain_before_initialize_c 100095e0 f   LIBCMTD:utility.obj
 0001:00008600       ___scrt_dllmain_crt_thread_attach 10009600 f   LIBCMTD:utility.obj
 0001:00008630       ___scrt_dllmain_crt_thread_detach 10009630 f   LIBCMTD:utility.obj
 0001:00008650       ___scrt_dllmain_exception_filter 10009650 f   LIBCMTD:utility.obj
 0001:000086a0       ___scrt_dllmain_uninitialize_c 100096a0 f   LIBCMTD:utility.obj
 0001:000086d0       ___scrt_dllmain_uninitialize_critical 100096d0 f   LIBCMTD:utility.obj
 0001:000086f0       ___scrt_initialize_crt     100096f0 f   LIBCMTD:utility.obj
 0001:00008740       ___scrt_initialize_onexit_tables 10009740 f   LIBCMTD:utility.obj
 0001:00008810       ___scrt_is_nonwritable_in_current_image 10009810 f   LIBCMTD:utility.obj
 0001:00008940       ___scrt_release_startup_lock 10009940 f   LIBCMTD:utility.obj
 0001:00008970       ___scrt_uninitialize_crt   10009970 f   LIBCMTD:utility.obj
 0001:000089b0       __onexit                   100099b0 f   LIBCMTD:utility.obj
 0001:00008a20       _at_quick_exit             10009a20 f   LIBCMTD:utility.obj
 0001:00008a70       _atexit                    10009a70 f   LIBCMTD:utility.obj
 0001:00008aa0       ___security_init_cookie    10009aa0 f   LIBCMTD:gs_support.obj
 0001:00008b80       _DllMain@12                10009b80 f   LIBCMTD:dll_dllmain_stub.obj
 0001:00008b90       ?__scrt_initialize_type_info@@YAXXZ 10009b90 f   LIBCMTD:tncleanup.obj
 0001:00008ba0       ?__scrt_uninitialize_type_info@@YAXXZ 10009ba0 f   LIBCMTD:tncleanup.obj
 0001:00008bc0       ___local_stdio_scanf_options 10009bc0 f i LIBCMTD:default_local_stdio_options.obj
 0001:00008bd0       ___scrt_initialize_default_local_stdio_options 10009bd0 f   LIBCMTD:default_local_stdio_options.obj
 0001:00008c10       ___scrt_get_dyn_tls_init_callback 10009c10 f   LIBCMTD:dyn_tls_init.obj
 0001:00008c20       ___scrt_fastfail           10009c20 f   LIBCMTD:utility_desktop.obj
 0001:00008d60       ___scrt_get_show_window_mode 10009d60 f   LIBCMTD:utility_desktop.obj
 0001:00008da0       ___scrt_initialize_winrt   10009da0 f   LIBCMTD:utility_desktop.obj
 0001:00008db0       ___scrt_is_managed_app     10009db0 f   LIBCMTD:utility_desktop.obj
 0001:00008e40       ___scrt_set_unhandled_exception_filter 10009e40 f   LIBCMTD:utility_desktop.obj
 0001:00008e50       ___scrt_unhandled_exception_filter@4 10009e50 f   LIBCMTD:utility_desktop.obj
 0001:00008eb0       __crt_debugger_hook        10009eb0 f   LIBCMTD:utility_desktop.obj
 0001:00008ec0       __RTC_Initialize           10009ec0 f   LIBCMTD:_initsect_.obj
 0001:00008ef0       __RTC_Terminate            10009ef0 f   LIBCMTD:_initsect_.obj
 0001:00008f20       @_guard_check_icall_nop@4  10009f20 f i LIBCMTD:guard_support.obj
 0001:00008f30       __guard_icall_checks_enforced 10009f30 f i LIBCMTD:guard_support.obj
 0001:00008f60       ___isa_available_init      10009f60 f   LIBCMTD:_cpu_disp_.obj
 0001:00009240       __get_startup_argv_mode    1000a240 f   LIBCMTD:argv_mode.obj
 0001:00009250       ___scrt_is_ucrt_dll_in_use 1000a250 f   LIBCMTD:ucrt_detection.obj
 0001:00009280       _memcpy                    1000a280 f   libvcruntimed:memcpy.obj
 0001:00009800       _memset                    1000a800 f   libvcruntimed:memset.obj
 0001:000099c0       __except_handler4          1000a9c0 f   libvcruntimed:_chandler4_.obj
 0001:00009b90       ___vcrt_GetModuleFileNameW 1000ab90 f   libvcruntimed:winapi_thunks.obj
 0001:00009bb0       ___vcrt_GetModuleHandleW   1000abb0 f   libvcruntimed:winapi_thunks.obj
 0001:00009bc0       ___vcrt_LoadLibraryExW     1000abc0 f   libvcruntimed:winapi_thunks.obj
 0001:00009be0       ___vcrt_initialize         1000abe0 f   libvcruntimed:initialization.obj
 0001:00009c20       ___vcrt_thread_attach      1000ac20 f   libvcruntimed:initialization.obj
 0001:00009c40       ___vcrt_thread_detach      1000ac40 f   libvcruntimed:initialization.obj
 0001:00009c60       ___vcrt_uninitialize       1000ac60 f   libvcruntimed:initialization.obj
 0001:00009c80       ___vcrt_uninitialize_critical 1000ac80 f   libvcruntimed:initialization.obj
 0001:00009cc0       ??$?RD@__crt_internal_free_policy@@QBEXQBD@Z 1000acc0 f i libvcruntimed:std_type_info.obj
 0001:00009ce0       ??$?RX@__crt_internal_free_policy@@QBEXQBX@Z 1000ace0 f i libvcruntimed:std_type_info.obj
 0001:00009d00       ??$__crt_interlocked_compare_exchange_pointer@$$CBD$$T$$T@@YAPBDPDSBD$$T1@Z 1000ad00 f i libvcruntimed:std_type_info.obj
 0001:00009d20       ??$__crt_interlocked_compare_exchange_pointer@$$CBDPAD$$T@@YAPBDPDSBDQAD$$T@Z 1000ad20 f i libvcruntimed:std_type_info.obj
 0001:00009d40       ??$__crt_interlocked_read_pointer@$$CBD@@YAPBDPDSBD@Z 1000ad40 f i libvcruntimed:std_type_info.obj
 0001:00009d60       ??0?$__crt_unique_heap_ptr@DU__crt_internal_free_policy@@@@QAE@QAD@Z 1000ad60 f i libvcruntimed:std_type_info.obj
 0001:00009d80       ??0?$__crt_unique_heap_ptr@XU__crt_internal_free_policy@@@@QAE@QAX@Z 1000ad80 f i libvcruntimed:std_type_info.obj
 0001:00009da0       ??1?$__crt_unique_heap_ptr@DU__crt_internal_free_policy@@@@QAE@XZ 1000ada0 f i libvcruntimed:std_type_info.obj
 0001:00009dc0       ??1?$__crt_unique_heap_ptr@XU__crt_internal_free_policy@@@@QAE@XZ 1000adc0 f i libvcruntimed:std_type_info.obj
 0001:00009e00       ??B?$__crt_unique_heap_ptr@DU__crt_internal_free_policy@@@@QBE_NXZ 1000ae00 f i libvcruntimed:std_type_info.obj
 0001:00009e20       ??B?$__crt_unique_heap_ptr@XU__crt_internal_free_policy@@@@QBE_NXZ 1000ae20 f i libvcruntimed:std_type_info.obj
 0001:00009e90       ?detach@?$__crt_unique_heap_ptr@XU__crt_internal_free_policy@@@@QAEPAXXZ 1000ae90 f i libvcruntimed:std_type_info.obj
 0001:00009ec0       ?get@?$__crt_unique_heap_ptr@DU__crt_internal_free_policy@@@@QBEPADXZ 1000aec0 f i libvcruntimed:std_type_info.obj
 0001:00009ed0       ?get@?$__crt_unique_heap_ptr@XU__crt_internal_free_policy@@@@QBEPAXXZ 1000aed0 f i libvcruntimed:std_type_info.obj
 0001:00009ee0       ?is_valid@?$__crt_unique_heap_ptr@DU__crt_internal_free_policy@@@@QBE_NXZ 1000aee0 f i libvcruntimed:std_type_info.obj
 0001:00009f10       ?is_valid@?$__crt_unique_heap_ptr@XU__crt_internal_free_policy@@@@QBE_NXZ 1000af10 f i libvcruntimed:std_type_info.obj
 0001:00009f40       ?release@?$__crt_unique_heap_ptr@DU__crt_internal_free_policy@@@@QAEXXZ 1000af40 f i libvcruntimed:std_type_info.obj
 0001:00009f70       ?release@?$__crt_unique_heap_ptr@XU__crt_internal_free_policy@@@@QAEXXZ 1000af70 f i libvcruntimed:std_type_info.obj
 0001:00009fa0       ___std_type_info_compare   1000afa0 f   libvcruntimed:std_type_info.obj
 0001:00009fd0       ___std_type_info_destroy_list 1000afd0 f   libvcruntimed:std_type_info.obj
 0001:0000a010       ___std_type_info_hash      1000b010 f   libvcruntimed:std_type_info.obj
 0001:0000a070       ___std_type_info_name      1000b070 f   libvcruntimed:std_type_info.obj
 0001:0000a250       __local_unwind4            1000b250 f   libvcruntimed:_exsup4_.obj
 0001:0000a326       __seh_longjmp_unwind4@4    1000b326 f   libvcruntimed:_exsup4_.obj
 0001:0000a34e       @_EH4_CallFilterFunc@8     1000b34e f   libvcruntimed:_exsup4_.obj
 0001:0000a365       @_EH4_TransferToHandler@8  1000b365 f   libvcruntimed:_exsup4_.obj
 0001:0000a37e       @_EH4_GlobalUnwind2@8      1000b37e f   libvcruntimed:_exsup4_.obj
 0001:0000a397       @_EH4_LocalUnwind@16       1000b397 f   libvcruntimed:_exsup4_.obj
 0001:0000a3b0       ___except_validate_context_record 1000b3b0 f   libvcruntimed:jbcxrval.obj
 0001:0000a400       ___except_validate_jump_buffer 1000b400 f   libvcruntimed:jbcxrval.obj
 0001:0000a450       ??$?RU__vcrt_ptd@@@__crt_internal_free_policy@@QBEXQBU__vcrt_ptd@@@Z 1000b450 f i libvcruntimed:per_thread_data.obj
 0001:0000a470       ??0?$__crt_unique_heap_ptr@U__vcrt_ptd@@U__crt_internal_free_policy@@@@QAE@QAU__vcrt_ptd@@@Z 1000b470 f i libvcruntimed:per_thread_data.obj
 0001:0000a4b0       ??1?$__crt_unique_heap_ptr@U__vcrt_ptd@@U__crt_internal_free_policy@@@@QAE@XZ 1000b4b0 f i libvcruntimed:per_thread_data.obj
 0001:0000a4f0       ??B?$__crt_unique_heap_ptr@U__vcrt_ptd@@U__crt_internal_free_policy@@@@QBE_NXZ 1000b4f0 f i libvcruntimed:per_thread_data.obj
 0001:0000a510       ?detach@?$__crt_unique_heap_ptr@U__vcrt_ptd@@U__crt_internal_free_policy@@@@QAEPAU__vcrt_ptd@@XZ 1000b510 f i libvcruntimed:per_thread_data.obj
 0001:0000a540       ?get@?$__crt_unique_heap_ptr@U__vcrt_ptd@@U__crt_internal_free_policy@@@@QBEPAU__vcrt_ptd@@XZ 1000b540 f i libvcruntimed:per_thread_data.obj
 0001:0000a550       ?is_valid@?$__crt_unique_heap_ptr@U__vcrt_ptd@@U__crt_internal_free_policy@@@@QBE_NXZ 1000b550 f i libvcruntimed:per_thread_data.obj
 0001:0000a580       ?release@?$__crt_unique_heap_ptr@U__vcrt_ptd@@U__crt_internal_free_policy@@@@QAEXXZ 1000b580 f i libvcruntimed:per_thread_data.obj
 0001:0000a5e0       ___vcrt_freefls@4          1000b5e0 f   libvcruntimed:per_thread_data.obj
 0001:0000a610       ___vcrt_freeptd            1000b610 f   libvcruntimed:per_thread_data.obj
 0001:0000a670       ___vcrt_getptd             1000b670 f   libvcruntimed:per_thread_data.obj
 0001:0000a690       ___vcrt_getptd_noexit      1000b690 f   libvcruntimed:per_thread_data.obj
 0001:0000a7f0       ___vcrt_initialize_ptd     1000b7f0 f   libvcruntimed:per_thread_data.obj
 0001:0000a840       ___vcrt_uninitialize_ptd   1000b840 f   libvcruntimed:per_thread_data.obj
 0001:0000a870       ___vcrt_initialize_locks   1000b870 f   libvcruntimed:locks.obj
 0001:0000a8d0       ___vcrt_lock               1000b8d0 f   libvcruntimed:locks.obj
 0001:0000a8f0       ___vcrt_uninitialize_locks 1000b8f0 f   libvcruntimed:locks.obj
 0001:0000a940       ___vcrt_unlock             1000b940 f   libvcruntimed:locks.obj
 0001:0000a960       ??$?BX@__crt_fast_encoded_nullptr_t@@QBEPAXXZ 1000b960 f i libvcruntimed:winapi_downlevel.obj
 0001:0000a980       ??$__crt_fast_decode_pointer@PAX@@YAPAXQAX@Z 1000b980 f i libvcruntimed:winapi_downlevel.obj
 0001:0000a9b0       ??$__crt_fast_encode_pointer@PAX@@YAPAXQAX@Z 1000b9b0 f i libvcruntimed:winapi_downlevel.obj
 0001:0000a9e0       ??$__crt_interlocked_compare_exchange_pointer@UHINSTANCE__@@$$T$$T@@YAPAUHINSTANCE__@@PDSAU0@$$T1@Z 1000b9e0 f i libvcruntimed:winapi_downlevel.obj
 0001:0000aa00       ??$__crt_interlocked_compare_exchange_pointer@X$$T$$T@@YAPAXPDSAX$$T1@Z 1000ba00 f i libvcruntimed:winapi_downlevel.obj
 0001:0000aa20       ??$__crt_interlocked_exchange_pointer@UHINSTANCE__@@PAU1@@@YAPAUHINSTANCE__@@PDSAU0@QAU0@@Z 1000ba20 f i libvcruntimed:winapi_downlevel.obj
 0001:0000aa30       ??$__crt_interlocked_exchange_pointer@UHINSTANCE__@@PAX@@YAPAUHINSTANCE__@@PDSAU0@QAX@Z 1000ba30 f i libvcruntimed:winapi_downlevel.obj
 0001:0000aa40       ??$__crt_interlocked_exchange_pointer@XPAX@@YAPAXPDSAXQAX@Z 1000ba40 f i libvcruntimed:winapi_downlevel.obj
 0001:0000aa50       ??$__crt_interlocked_read_pointer@UHINSTANCE__@@@@YAPAUHINSTANCE__@@PDSAU0@@Z 1000ba50 f i libvcruntimed:winapi_downlevel.obj
 0001:0000aa70       ??$__crt_interlocked_read_pointer@X@@YAPAXPDSAX@Z 1000ba70 f i libvcruntimed:winapi_downlevel.obj
 0001:0000aa90       ?__crt_fast_encode_pointer@@YA?AU__crt_fast_encoded_nullptr_t@@$$T@Z 1000ba90 f i libvcruntimed:winapi_downlevel.obj
 0001:0000aee0       ___vcrt_EventRegister      1000bee0 f   libvcruntimed:winapi_downlevel.obj
 0001:0000af20       ___vcrt_EventSetInformation 1000bf20 f   libvcruntimed:winapi_downlevel.obj
 0001:0000af70       ___vcrt_EventUnregister    1000bf70 f   libvcruntimed:winapi_downlevel.obj
 0001:0000afb0       ___vcrt_EventWriteTransfer 1000bfb0 f   libvcruntimed:winapi_downlevel.obj
 0001:0000b000       ___vcrt_FlsAlloc           1000c000 f   libvcruntimed:winapi_downlevel.obj
 0001:0000b040       ___vcrt_FlsFree            1000c040 f   libvcruntimed:winapi_downlevel.obj
 0001:0000b080       ___vcrt_FlsGetValue        1000c080 f   libvcruntimed:winapi_downlevel.obj
 0001:0000b0c0       ___vcrt_FlsSetValue        1000c0c0 f   libvcruntimed:winapi_downlevel.obj
 0001:0000b110       ___vcrt_InitializeCriticalSectionEx 1000c110 f   libvcruntimed:winapi_downlevel.obj
 0001:0000b160       ___vcrt_initialize_winapi_thunks 1000c160 f   libvcruntimed:winapi_downlevel.obj
 0001:0000b1c0       ___vcrt_uninitialize_winapi_thunks 1000c1c0 f   libvcruntimed:winapi_downlevel.obj
 0001:0000b230       ??$?B$$A6AXXZ@__crt_fast_encoded_nullptr_t@@QBEP6AXXZXZ 1000c230 f i libvcruntimed:purevirt_data.obj
 0001:0000b250       ??$__crt_fast_encode_pointer@P6AXXZ@@YAP6AXXZQ6AXXZ@Z 1000c250 f i libvcruntimed:purevirt_data.obj
 0001:0000b280       ___vcrt_initialize_pure_virtual_call_handler 1000c280 f   libvcruntimed:purevirt_data.obj
 0001:0000b2b0       ??0Block@_HeapManager@@QAE@XZ 1000c2b0 f i libvcruntimed:undname.obj
 0001:0000b2d0       ??0DName@@QAE@AAPBDD@Z     1000c2d0 f   libvcruntimed:undname.obj
 0001:0000b590       ??0DName@@QAE@ABV0@@Z      1000c590 f i libvcruntimed:undname.obj
 0001:0000b5b0       ??0DName@@QAE@D@Z          1000c5b0 f   libvcruntimed:undname.obj
 0001:0000b690       ??0DName@@QAE@PAV0@@Z      1000c690 f   libvcruntimed:undname.obj
 0001:0000b7d0       ??0DName@@QAE@PBD@Z        1000c7d0 f   libvcruntimed:undname.obj
 0001:0000b8c0       ??0DName@@QAE@W4DNameStatus@@@Z 1000c8c0 f   libvcruntimed:undname.obj
 0001:0000b9e0       ??0DName@@QAE@XZ           1000c9e0 f i libvcruntimed:undname.obj
 0001:0000baa0       ??0DName@@QAE@_J@Z         1000caa0 f   libvcruntimed:undname.obj
 0001:0000bc20       ??0DName@@QAE@_K@Z         1000cc20 f   libvcruntimed:undname.obj
 0001:0000bd60       ??0DNameNode@@IAE@XZ       1000cd60 f   libvcruntimed:undname.obj
 0001:0000bd80       ??0DNameStatusNode@@AAE@W4DNameStatus@@@Z 1000cd80 f   libvcruntimed:undname.obj
 0001:0000bdd0       ??0Replicator@@QAE@XZ      1000cdd0 f i libvcruntimed:undname.obj
 0001:0000bdf0       ??0UnDecorator@@QAE@PADPBDHP6APADJ@ZK@Z 1000cdf0 f i libvcruntimed:undname.obj
 0001:0000be90       ??0charNode@@QAE@D@Z       1000ce90 f   libvcruntimed:undname.obj
 0001:0000bec0       ??0pDNameNode@@QAE@PAVDName@@@Z 1000cec0 f   libvcruntimed:undname.obj
 0001:0000bf20       ??0pairNode@@QAE@PAVDNameNode@@0@Z 1000cf20 f   libvcruntimed:undname.obj
 0001:0000bf60       ??0pcharNode@@QAE@PBDH@Z   1000cf60 f   libvcruntimed:undname.obj
 0001:0000c000       ??2@YAPAXIAAV_HeapManager@@H@Z 1000d000 f i libvcruntimed:undname.obj
 0001:0000c020       ??4DName@@QAEAAV0@ABV0@@Z  1000d020 f   libvcruntimed:undname.obj
 0001:0000c040       ??4DName@@QAEAAV0@D@Z      1000d040 f i libvcruntimed:undname.obj
 0001:0000c120       ??4DName@@QAEAAV0@PAV0@@Z  1000d120 f   libvcruntimed:undname.obj
 0001:0000c250       ??4DName@@QAEAAV0@PBD@Z    1000d250 f   libvcruntimed:undname.obj
 0001:0000c330       ??4DName@@QAEAAV0@W4DNameStatus@@@Z 1000d330 f   libvcruntimed:undname.obj
 0001:0000c430       ??AReplicator@@QBE?AVDName@@H@Z 1000d430 f   libvcruntimed:undname.obj
 0001:0000c4a0       ??BUnDecorator@@QAEPADXZ   1000d4a0 f i libvcruntimed:undname.obj
 0001:0000c750       ??H@YA?AVDName@@DABV0@@Z   1000d750 f i libvcruntimed:undname.obj
 0001:0000c780       ??H@YA?AVDName@@PBDABV0@@Z 1000d780 f i libvcruntimed:undname.obj
 0001:0000c7b0       ??H@YA?AVDName@@W4DNameStatus@@ABV0@@Z 1000d7b0 f i libvcruntimed:undname.obj
 0001:0000c7e0       ??HDName@@QBE?AV0@ABV0@@Z  1000d7e0 f   libvcruntimed:undname.obj
 0001:0000c820       ??HDName@@QBE?AV0@D@Z      1000d820 f   libvcruntimed:undname.obj
 0001:0000c860       ??HDName@@QBE?AV0@PAV0@@Z  1000d860 f   libvcruntimed:undname.obj
 0001:0000c8a0       ??HDName@@QBE?AV0@PBD@Z    1000d8a0 f   libvcruntimed:undname.obj
 0001:0000c8e0       ??HDName@@QBE?AV0@W4DNameStatus@@@Z 1000d8e0 f   libvcruntimed:undname.obj
 0001:0000c920       ??YDName@@QAEAAV0@ABV0@@Z  1000d920 f   libvcruntimed:undname.obj
 0001:0000c990       ??YDName@@QAEAAV0@D@Z      1000d990 f   libvcruntimed:undname.obj
 0001:0000ca10       ??YDName@@QAEAAV0@PAV0@@Z  1000da10 f   libvcruntimed:undname.obj
 0001:0000cac0       ??YDName@@QAEAAV0@PBD@Z    1000dac0 f   libvcruntimed:undname.obj
 0001:0000cb60       ??YDName@@QAEAAV0@W4DNameStatus@@@Z 1000db60 f   libvcruntimed:undname.obj
 0001:0000cbc0       ??YReplicator@@QAEAAV0@ABVDName@@@Z 1000dbc0 f   libvcruntimed:undname.obj
 0001:0000cc50       ??_5DName@@QAEAAV0@ABV0@@Z 1000dc50 f   libvcruntimed:undname.obj
 0001:0000ccb0       ?Constructor@_HeapManager@@QAEXP6APAXI@ZP6AXPAX@Z@Z 1000dcb0 f i libvcruntimed:undname.obj
 0001:0000ccf0       ?Destructor@_HeapManager@@QAEXXZ 1000dcf0 f i libvcruntimed:undname.obj
 0001:0000cd50       ?UScore@UnDecorator@@SAPBDW4Tokens@@@Z 1000dd50 f   libvcruntimed:undname.obj
 0001:0000cd80       ?append@DName@@AAEXPAVDNameNode@@@Z 1000dd80 f   libvcruntimed:undname.obj
 0001:0000ce10       ?composeDeclaration@UnDecorator@@CA?AVDName@@ABV2@@Z 1000de10 f i libvcruntimed:undname.obj
 0001:0000eaa0       ?dbGetString@DName@@QBEPADXZ 1000faa0 f   libvcruntimed:undname.obj
 0001:0000eac0       ?doAccessSpecifiers@UnDecorator@@SAHXZ 1000fac0 f i libvcruntimed:undname.obj
 0001:0000eaf0       ?doAllocationLanguage@UnDecorator@@SAHXZ 1000faf0 f i libvcruntimed:undname.obj
 0001:0000eb20       ?doAllocationModel@UnDecorator@@SAHXZ 1000fb20 f i libvcruntimed:undname.obj
 0001:0000eb50       ?doEcsu@UnDecorator@@SAHXZ 1000fb50 f i libvcruntimed:undname.obj
 0001:0000eb80       ?doEllipsis@UnDecorator@@SAHXZ 1000fb80 f i libvcruntimed:undname.obj
 0001:0000ebb0       ?doFunctionReturns@UnDecorator@@SAHXZ 1000fbb0 f i libvcruntimed:undname.obj
 0001:0000ebe0       ?doMSKeywords@UnDecorator@@SAHXZ 1000fbe0 f i libvcruntimed:undname.obj
 0001:0000ec10       ?doMemberTypes@UnDecorator@@SAHXZ 1000fc10 f i libvcruntimed:undname.obj
 0001:0000ec40       ?doNameOnly@UnDecorator@@SAHXZ 1000fc40 f i libvcruntimed:undname.obj
 0001:0000ec50       ?doNoIdentCharCheck@UnDecorator@@SAHXZ 1000fc50 f i libvcruntimed:undname.obj
 0001:0000ec60       ?doPchar@DName@@AAEXPBDH@Z 1000fc60 f   libvcruntimed:undname.obj
 0001:0000eda0       ?doPtr64@UnDecorator@@SAHXZ 1000fda0 f i libvcruntimed:undname.obj
 0001:0000edd0       ?doRestrictionSpec@UnDecorator@@SAHXZ 1000fdd0 f i libvcruntimed:undname.obj
 0001:0000ee00       ?doThisTypes@UnDecorator@@SAHXZ 1000fe00 f i libvcruntimed:undname.obj
 0001:0000ee30       ?doThrowTypes@UnDecorator@@SAHXZ 1000fe30 f i libvcruntimed:undname.obj
 0001:0000ee60       ?doTypeOnly@UnDecorator@@SAHXZ 1000fe60 f i libvcruntimed:undname.obj
 0001:0000ee70       ?doUnderScore@UnDecorator@@SAHXZ 1000fe70 f i libvcruntimed:undname.obj
 0001:0000eea0       ?getArgumentList@UnDecorator@@CA?AVDName@@XZ 1000fea0 f   libvcruntimed:undname.obj
 0001:0000eff0       ?getArgumentTypes@UnDecorator@@CA?AVDName@@XZ 1000fff0 f   libvcruntimed:undname.obj
 0001:0000f150       ?getArrayType@UnDecorator@@CA?AVDName@@ABV2@@Z 10010150 f i libvcruntimed:undname.obj
 0001:0000f390       ?getBasedType@UnDecorator@@CA?AVDName@@XZ 10010390 f   libvcruntimed:undname.obj
 0001:0000f450       ?getBasicDataType@UnDecorator@@CA?AVDName@@ABV2@@Z 10010450 f   libvcruntimed:undname.obj
 0001:0000fa40       ?getCallIndex@UnDecorator@@CA?AVDName@@XZ 10010a40 f i libvcruntimed:undname.obj
 0001:0000fa60       ?getCallingConvention@UnDecorator@@CA?AVDName@@XZ 10010a60 f   libvcruntimed:undname.obj
 0001:0000fbf0       ?getDataIndirectType@UnDecorator@@CA?AVDName@@ABV2@PBD0H@Z 10010bf0 f   libvcruntimed:undname.obj
 0001:000103b0       ?getDataIndirectType@UnDecorator@@CA?AVDName@@XZ 100113b0 f i libvcruntimed:undname.obj
 0001:000103f0       ?getDataType@UnDecorator@@CA?AVDName@@PAV2@@Z 100113f0 f   libvcruntimed:undname.obj
 0001:00010510       ?getDecoratedName@UnDecorator@@CA?AVDName@@XZ 10011510 f   libvcruntimed:undname.obj
 0001:00010830       ?getDimension@UnDecorator@@CA?AVDName@@_N@Z 10011830 f   libvcruntimed:undname.obj
 0001:00010ae0       ?getDispatchTarget@UnDecorator@@CA?AVDName@@XZ 10011ae0 f   libvcruntimed:undname.obj
 0001:00010b80       ?getDisplacement@UnDecorator@@CA?AVDName@@XZ 10011b80 f i libvcruntimed:undname.obj
 0001:00010ba0       ?getECSUDataType@UnDecorator@@CA?AVDName@@XZ 10011ba0 f   libvcruntimed:undname.obj
 0001:00010d70       ?getECSUName@UnDecorator@@CA?AVDName@@XZ 10011d70 f i libvcruntimed:undname.obj
 0001:00010d90       ?getEnumType@UnDecorator@@CA?AVDName@@XZ 10011d90 f i libvcruntimed:undname.obj
 0001:00010ee0       ?getExtendedDataIndirectType@UnDecorator@@CA?AVDName@@AAPBDAA_NH@Z 10011ee0 f   libvcruntimed:undname.obj
 0001:00011130       ?getExternalDataType@UnDecorator@@CA?AVDName@@ABV2@@Z 10012130 f i libvcruntimed:undname.obj
 0001:000111c0       ?getFunctionIndirectType@UnDecorator@@CA?AVDName@@ABV2@@Z 100121c0 f   libvcruntimed:undname.obj
 0001:00011650       ?getGuardNumber@UnDecorator@@CA?AVDName@@XZ 10012650 f i libvcruntimed:undname.obj
 0001:00011670       ?getLastChar@DName@@QBEDXZ 10012670 f i libvcruntimed:undname.obj
 0001:000116b0       ?getLastChar@DNameStatusNode@@UBEDXZ 100126b0 f i libvcruntimed:undname.obj
 0001:000116e0       ?getLastChar@charNode@@UBEDXZ 100126e0 f i libvcruntimed:undname.obj
 0001:00011700       ?getLastChar@pDNameNode@@UBEDXZ 10012700 f i libvcruntimed:undname.obj
 0001:00011730       ?getLastChar@pairNode@@UBEDXZ 10012730 f i libvcruntimed:undname.obj
 0001:000117a0       ?getLastChar@pcharNode@@UBEDXZ 100127a0 f i libvcruntimed:undname.obj
 0001:000117e0       ?getLexicalFrame@UnDecorator@@CA?AVDName@@XZ 100127e0 f i libvcruntimed:undname.obj
 0001:00011820       ?getMemory@_HeapManager@@QAEPAXIH@Z 10012820 f   libvcruntimed:undname.obj
 0001:00011940       ?getNumberOfDimensions@UnDecorator@@CAHXZ 10012940 f   libvcruntimed:undname.obj
 0001:00011a40       ?getOperatorName@UnDecorator@@CA?AVDName@@_NPA_N@Z 10012a40 f i libvcruntimed:undname.obj
 0001:00012470       ?getPointerType@UnDecorator@@CA?AVDName@@ABV2@0@Z 10013470 f i libvcruntimed:undname.obj
 0001:000124a0       ?getPointerTypeArray@UnDecorator@@CA?AVDName@@ABV2@0@Z 100134a0 f i libvcruntimed:undname.obj
 0001:000124d0       ?getPrimaryDataType@UnDecorator@@CA?AVDName@@ABV2@@Z 100134d0 f   libvcruntimed:undname.obj
 0001:000128d0       ?getPtrRefDataType@UnDecorator@@CA?AVDName@@ABV2@H@Z 100138d0 f   libvcruntimed:undname.obj
 0001:00012a70       ?getPtrRefType@UnDecorator@@CA?AVDName@@ABV2@0PBD@Z 10013a70 f   libvcruntimed:undname.obj
 0001:00012be0       ?getReferenceType@UnDecorator@@CA?AVDName@@ABV2@0PBD@Z 10013be0 f i libvcruntimed:undname.obj
 0001:00012c00       ?getRestrictionSpec@UnDecorator@@CA?AVDName@@XZ 10013c00 f   libvcruntimed:undname.obj
 0001:00012d50       ?getReturnType@UnDecorator@@CA?AVDName@@PAV2@@Z 10013d50 f   libvcruntimed:undname.obj
 0001:00012da0       ?getScope@UnDecorator@@CA?AVDName@@XZ 10013da0 f   libvcruntimed:undname.obj
 0001:00013290       ?getScopedName@UnDecorator@@CA?AVDName@@XZ 10014290 f   libvcruntimed:undname.obj
 0001:000133b0       ?getSignedDimension@UnDecorator@@CA?AVDName@@XZ 100143b0 f   libvcruntimed:undname.obj
 0001:00013430       ?getStorageConvention@UnDecorator@@CA?AVDName@@XZ 10014430 f i libvcruntimed:undname.obj
 0001:00013450       ?getString@DName@@QBEPADPAD0@Z 10014450 f i libvcruntimed:undname.obj
 0001:000134a0       ?getString@DName@@QBEPADPADH@Z 100144a0 f i libvcruntimed:undname.obj
 0001:00013530       ?getString@DNameStatusNode@@UBEPADPAD0@Z 10014530 f i libvcruntimed:undname.obj
 0001:00013570       ?getString@charNode@@UBEPADPAD0@Z 10014570 f i libvcruntimed:undname.obj
 0001:000135a0       ?getString@pDNameNode@@UBEPADPAD0@Z 100145a0 f i libvcruntimed:undname.obj
 0001:000135e0       ?getString@pairNode@@UBEPADPAD0@Z 100145e0 f i libvcruntimed:undname.obj
 0001:00013660       ?getString@pcharNode@@UBEPADPAD0@Z 10014660 f i libvcruntimed:undname.obj
 0001:00013690       ?getStringEncoding@UnDecorator@@CA?AVDName@@PADH@Z 10014690 f   libvcruntimed:undname.obj
 0001:000137a0       ?getStringHelper@@YAPADPAD00H@Z 100147a0 f i libvcruntimed:undname.obj
 0001:000137e0       ?getSymbolName@UnDecorator@@CA?AVDName@@XZ 100147e0 f i libvcruntimed:undname.obj
 0001:00013870       ?getTemplateArgumentList@UnDecorator@@CA?AVDName@@XZ 10014870 f   libvcruntimed:undname.obj
 0001:00013c60       ?getTemplateConstant@UnDecorator@@CA?AVDName@@XZ 10014c60 f   libvcruntimed:undname.obj
 0001:00014210       ?getTemplateName@UnDecorator@@CA?AVDName@@_N@Z 10015210 f   libvcruntimed:undname.obj
 0001:000143e0       ?getThisType@UnDecorator@@CA?AVDName@@XZ 100153e0 f i libvcruntimed:undname.obj
 0001:00014420       ?getThrowTypes@UnDecorator@@CA?AVDName@@XZ 10015420 f   libvcruntimed:undname.obj
 0001:000144d0       ?getTypeEncoding@UnDecorator@@CAHXZ 100154d0 f i libvcruntimed:undname.obj
 0001:00014f10       ?getVCallThunkType@UnDecorator@@CA?AVDName@@XZ 10015f10 f i libvcruntimed:undname.obj
 0001:00014f70       ?getVbTableType@UnDecorator@@CA?AVDName@@ABV2@@Z 10015f70 f i libvcruntimed:undname.obj
 0001:00014f90       ?getVdispMapType@UnDecorator@@CA?AVDName@@ABV2@@Z 10015f90 f i libvcruntimed:undname.obj
 0001:00015000       ?getVfTableType@UnDecorator@@CA?AVDName@@ABV2@@Z 10016000 f i libvcruntimed:undname.obj
 0001:000151c0       ?getZName@UnDecorator@@CA?AVDName@@_N0@Z 100161c0 f   libvcruntimed:undname.obj
 0001:00015490       ?haveTemplateParameters@UnDecorator@@SAHXZ 10016490 f i libvcruntimed:undname.obj
 0001:000154a0       ?isArray@DName@@QBEHXZ     100164a0 f i libvcruntimed:undname.obj
 0001:000154c0       ?isComArray@DName@@QBEHXZ  100164c0 f i libvcruntimed:undname.obj
 0001:000154e0       ?isEmpty@DName@@QBEHXZ     100164e0 f i libvcruntimed:undname.obj
 0001:00015510       ?isFull@Replicator@@QBEHXZ 10016510 f i libvcruntimed:undname.obj
 0001:00015540       ?isNoTE@DName@@QBEHXZ      10016540 f i libvcruntimed:undname.obj
 0001:00015560       ?isPinPtr@DName@@QBEHXZ    10016560 f i libvcruntimed:undname.obj
 0001:00015580       ?isPtrRef@DName@@QBEHXZ    10016580 f i libvcruntimed:undname.obj
 0001:000155a0       ?isUDC@DName@@QBEHXZ       100165a0 f i libvcruntimed:undname.obj
 0001:000155e0       ?isUDTThunk@DName@@QBEHXZ  100165e0 f i libvcruntimed:undname.obj
 0001:00015620       ?isVCallThunk@DName@@QBEHXZ 10016620 f i libvcruntimed:undname.obj
 0001:00015640       ?isValid@DName@@QBEHXZ     10016640 f i libvcruntimed:undname.obj
 0001:00015680       ?length@DName@@QBEHXZ      10016680 f i libvcruntimed:undname.obj
 0001:000156c0       ?length@DNameStatusNode@@UBEHXZ 100166c0 f i libvcruntimed:undname.obj
 0001:000156e0       ?length@charNode@@UBEHXZ   100166e0 f i libvcruntimed:undname.obj
 0001:000156f0       ?length@pDNameNode@@UBEHXZ 100166f0 f i libvcruntimed:undname.obj
 0001:00015720       ?length@pairNode@@UBEHXZ   10016720 f i libvcruntimed:undname.obj
 0001:00015790       ?length@pcharNode@@UBEHXZ  10016790 f i libvcruntimed:undname.obj
 0001:000157b0       ?make@DNameStatusNode@@SAPAV1@W4DNameStatus@@@Z 100167b0 f i libvcruntimed:undname.obj
 0001:00015830       ?setIsArray@DName@@QAEXXZ  10016830 f i libvcruntimed:undname.obj
 0001:00015850       ?setIsComArray@DName@@QAEXXZ 10016850 f i libvcruntimed:undname.obj
 0001:00015870       ?setIsNoTE@DName@@QAEXXZ   10016870 f i libvcruntimed:undname.obj
 0001:00015890       ?setIsPinPtr@DName@@QAEXXZ 10016890 f i libvcruntimed:undname.obj
 0001:000158b0       ?setIsUDC@DName@@QAEXXZ    100168b0 f i libvcruntimed:undname.obj
 0001:000158e0       ?setIsVCallThunk@DName@@QAEXXZ 100168e0 f i libvcruntimed:undname.obj
 0001:00015900       ?setPtrRef@DName@@QAEAAV1@XZ 10016900 f i libvcruntimed:undname.obj
 0001:00015920       ?status@DName@@QBE?AW4DNameStatus@@XZ 10016920 f i libvcruntimed:undname.obj
 0001:00015a20       ___unDName                 10016a20 f   libvcruntimed:undname.obj
 0001:00015af0       ___unDNameEx               10016af0 f   libvcruntimed:undname.obj
 0001:00015bc0       __global_unwind2           10016bc0 f   libvcruntimed:_exsup_.obj
 0001:00015c25       __local_unwind2            10016c25 f   libvcruntimed:_exsup_.obj
 0001:00015ca9       __abnormal_termination     10016ca9 f   libvcruntimed:_exsup_.obj
 0001:00015ccc       __NLG_Notify1              10016ccc f   libvcruntimed:_exsup_.obj
 0001:00015cd5       __NLG_Notify               10016cd5 f   libvcruntimed:_exsup_.obj
 0001:00015cec       __NLG_Dispatch             10016cec     libvcruntimed:_exsup_.obj
 0001:00015cec       __NLG_Dispatch2            10016cec     libvcruntimed:_exsup_.obj
 0001:00015cf4       __NLG_Call                 10016cf4 f   libvcruntimed:_exsup_.obj
 0001:00015cf6       __NLG_Return2              10016cf6     libvcruntimed:_exsup_.obj
 0001:00015d00       ??$__crt_fast_decode_pointer@P6AXXZ@@YAP6AXXZQ6AXXZ@Z 10016d00 f i libvcruntimed:purevirt.obj
 0001:00015d30       ??$__crt_interlocked_compare_exchange_pointer@$$A6AXXZ$$T$$T@@YAP6AXXZPDS6AXXZ$$T1@Z 10016d30 f i libvcruntimed:purevirt.obj
 0001:00015d50       ??$__crt_interlocked_exchange_pointer@$$A6AXXZP6AXXZ@@YAP6AXXZPDS6AXXZQ6AXXZ@Z 10016d50 f i libvcruntimed:purevirt.obj
 0001:00015d60       ??$__crt_interlocked_read_pointer@$$A6AXXZ@@YAP6AXXZPDS6AXXZ@Z 10016d60 f i libvcruntimed:purevirt.obj
 0001:00015d80       __get_purecall_handler     10016d80 f   libvcruntimed:purevirt.obj
 0001:00015da0       __purecall                 10016da0 f   libvcruntimed:purevirt.obj
 0001:00015dd0       __set_purecall_handler     10016dd0 f   libvcruntimed:purevirt.obj
 0001:00015e00       ??$__crt_interlocked_read@J@@YAJPDJ@Z 10016e00 f i libucrtd:assert.obj
 0001:00015e20       ??$__vcrt_va_start_verify_argument_type@QB_W@@YAXXZ 10016e20 f i libucrtd:assert.obj
 0001:000178b0       ??$ftprintf@PAU_iobuf@@PBDABQBDABQBDABI@?$__crt_char_traits@D@@SAH$$QAPAU_iobuf@@$$QAPBDABQBD2ABI@Z 100188b0 f i libucrtd:assert.obj
 0001:000178e0       ??$ftprintf@PAU_iobuf@@PB_WABQB_WABQB_WABI@?$__crt_char_traits@_W@@SAH$$QAPAU_iobuf@@$$QAPB_WABQB_W2ABI@Z 100188e0 f i libucrtd:assert.obj
 0001:00017910       ??$get_module_file_name@AAPAUHINSTANCE__@@AAY0BAF@DK@?$__crt_char_traits@D@@SAKAAPAUHINSTANCE__@@AAY0BAF@D$$QAK@Z 10018910 f i libucrtd:assert.obj
 0001:00017930       ??$get_module_file_name@AAPAUHINSTANCE__@@AAY0BAF@_WK@?$__crt_char_traits@_W@@SAKAAPAUHINSTANCE__@@AAY0BAF@_W$$QAK@Z 10018930 f i libucrtd:assert.obj
 0001:00017950       ??$itot_s@ABIQAD$$CBIH@?$__crt_char_traits@D@@SAHABI$$QBQAD$$QBI$$QAH@Z 10018950 f i libucrtd:assert.obj
 0001:00017980       ??$itot_s@ABIQA_W$$CBIH@?$__crt_char_traits@_W@@SAHABI$$QBQA_W$$QBI$$QAH@Z 10018980 f i libucrtd:assert.obj
 0001:000179b0       ??$show_message_box@AAY0CEA@DPBDJ@?$__crt_char_traits@D@@SAHAAY0CEA@D$$QAPBD$$QAJ@Z 100189b0 f i libucrtd:assert.obj
 0001:000179d0       ??$show_message_box@AAY0CEA@_WPB_WJ@?$__crt_char_traits@_W@@SAHAAY0CEA@_W$$QAPB_W$$QAJ@Z 100189d0 f i libucrtd:assert.obj
 0001:000179f0       ??$tcscat_s@ABQADABIAAPAD@?$__crt_char_traits@D@@SAHABQADABIAAPAD@Z 100189f0 f i libucrtd:assert.obj
 0001:00017a20       ??$tcscat_s@ABQADABIABQBD@?$__crt_char_traits@D@@SAHABQADABIABQBD@Z 10018a20 f i libucrtd:assert.obj
 0001:00017a50       ??$tcscat_s@ABQADABIPBD@?$__crt_char_traits@D@@SAHABQADABI$$QAPBD@Z 10018a50 f i libucrtd:assert.obj
 0001:00017a80       ??$tcscat_s@ABQA_WABIAAPA_W@?$__crt_char_traits@_W@@SAHABQA_WABIAAPA_W@Z 10018a80 f i libucrtd:assert.obj
 0001:00017ab0       ??$tcscat_s@ABQA_WABIABQB_W@?$__crt_char_traits@_W@@SAHABQA_WABIABQB_W@Z 10018ab0 f i libucrtd:assert.obj
 0001:00017ae0       ??$tcscat_s@ABQA_WABIPB_W@?$__crt_char_traits@_W@@SAHABQA_WABI$$QAPB_W@Z 10018ae0 f i libucrtd:assert.obj
 0001:00017b10       ??$tcscpy_s@AAY0BAF@DIPBD@?$__crt_char_traits@D@@SAHAAY0BAF@D$$QAI$$QAPBD@Z 10018b10 f i libucrtd:assert.obj
 0001:00017b30       ??$tcscpy_s@AAY0BAF@_WIPB_W@?$__crt_char_traits@_W@@SAHAAY0BAF@_W$$QAI$$QAPB_W@Z 10018b30 f i libucrtd:assert.obj
 0001:00017b50       ??$tcscpy_s@ABQADABIPBD@?$__crt_char_traits@D@@SAHABQADABI$$QAPBD@Z 10018b50 f i libucrtd:assert.obj
 0001:00017b80       ??$tcscpy_s@ABQA_WABIPB_W@?$__crt_char_traits@_W@@SAHABQA_WABI$$QAPB_W@Z 10018b80 f i libucrtd:assert.obj
 0001:00017bb0       ??$tcslen@AAY0BAF@D@?$__crt_char_traits@D@@SAIAAY0BAF@D@Z 10018bb0 f i libucrtd:assert.obj
 0001:00017bd0       ??$tcslen@AAY0BAF@_W@?$__crt_char_traits@_W@@SAIAAY0BAF@_W@Z 10018bd0 f i libucrtd:assert.obj
 0001:00017bf0       ??$tcslen@ABQAD@?$__crt_char_traits@D@@SAIABQAD@Z 10018bf0 f i libucrtd:assert.obj
 0001:00017c10       ??$tcslen@ABQA_W@?$__crt_char_traits@_W@@SAIABQA_W@Z 10018c10 f i libucrtd:assert.obj
 0001:00017c30       ??$tcslen@ABQBD@?$__crt_char_traits@D@@SAIABQBD@Z 10018c30 f i libucrtd:assert.obj
 0001:00017c50       ??$tcslen@ABQB_W@?$__crt_char_traits@_W@@SAIABQB_W@Z 10018c50 f i libucrtd:assert.obj
 0001:00017c70       ??$tcsncat_s@ABQADABIAAPBD$$CBI@?$__crt_char_traits@D@@SAHABQADABIAAPBD$$QBI@Z 10018c70 f i libucrtd:assert.obj
 0001:00017ca0       ??$tcsncat_s@ABQADABIABQBDABI@?$__crt_char_traits@D@@SAHABQADABIABQBD1@Z 10018ca0 f i libucrtd:assert.obj
 0001:00017cd0       ??$tcsncat_s@ABQADABIPBD$$CBI@?$__crt_char_traits@D@@SAHABQADABI$$QAPBD$$QBI@Z 10018cd0 f i libucrtd:assert.obj
 0001:00017d00       ??$tcsncat_s@ABQA_WABIAAPB_W$$CBI@?$__crt_char_traits@_W@@SAHABQA_WABIAAPB_W$$QBI@Z 10018d00 f i libucrtd:assert.obj
 0001:00017d30       ??$tcsncat_s@ABQA_WABIABQB_WABI@?$__crt_char_traits@_W@@SAHABQA_WABIABQB_W1@Z 10018d30 f i libucrtd:assert.obj
 0001:00017d60       ??$tcsncat_s@ABQA_WABIPB_W$$CBI@?$__crt_char_traits@_W@@SAHABQA_WABI$$QAPB_W$$QBI@Z 10018d60 f i libucrtd:assert.obj
 0001:00017d90       ??0__crt_stdio_stream@@QAE@QAU_iobuf@@@Z 10018d90 f i libucrtd:assert.obj
 0001:00017db0       ?__crt_interlocked_read_32@@YAHPDH@Z 10018db0 f i libucrtd:assert.obj
 0001:00017fa0       ?get_flags@__crt_stdio_stream@@QBEJXZ 10018fa0 f i libucrtd:assert.obj
 0001:00018080       ?has_any_buffer@__crt_stdio_stream@@QBE_NXZ 10019080 f i libucrtd:assert.obj
 0001:000180a0       ?has_any_of@__crt_stdio_stream@@QBE_NJ@Z 100190a0 f i libucrtd:assert.obj
 0001:000180e0       __assert                   100190e0 f   libucrtd:assert.obj
 0001:00018100       __invoke_watson_if_error   10019100 f i libucrtd:assert.obj
 0001:00018130       __vfwprintf_l              10019130 f i libucrtd:assert.obj
 0001:00018160       __vswprintf_c_l            10019160 f i libucrtd:assert.obj
 0001:000181b0       __wassert                  100191b0 f   libucrtd:assert.obj
 0001:000181d0       _fwprintf                  100191d0 f i libucrtd:assert.obj
 0001:00018320       _swprintf                  10019320 f i libucrtd:assert.obj
 0001:00018360       ??$?RPAU__crt_stdio_stream_data@@@__crt_internal_free_policy@@QBEXQBQAU__crt_stdio_stream_data@@@Z 10019360 f i libucrtd:_file.obj
 0001:00018380       ??0?$__crt_unique_heap_ptr@PAU__crt_stdio_stream_data@@U__crt_internal_free_policy@@@@QAE@QAPAU__crt_stdio_stream_data@@@Z 10019380 f i libucrtd:_file.obj
 0001:000183a0       ??1?$__crt_unique_heap_ptr@PAU__crt_stdio_stream_data@@U__crt_internal_free_policy@@@@QAE@XZ 100193a0 f i libucrtd:_file.obj
 0001:000183c0       ??C__crt_stdio_stream@@QBEPAU__crt_stdio_stream_data@@XZ 100193c0 f i libucrtd:_file.obj
 0001:000183e0       ?detach@?$__crt_unique_heap_ptr@PAU__crt_stdio_stream_data@@U__crt_internal_free_policy@@@@QAEPAPAU__crt_stdio_stream_data@@XZ 100193e0 f i libucrtd:_file.obj
 0001:00018410       ?release@?$__crt_unique_heap_ptr@PAU__crt_stdio_stream_data@@U__crt_internal_free_policy@@@@QAEXXZ 10019410 f i libucrtd:_file.obj
 0001:00018440       ___acrt_initialize_stdio   10019440 f   libucrtd:_file.obj
 0001:000185b0       ___acrt_iob_func           100195b0 f   libucrtd:_file.obj
 0001:000185c0       ___acrt_uninitialize_stdio 100195c0 f   libucrtd:_file.obj
 0001:00018640       __get_stream_buffer_pointers 10019640 f   libucrtd:_file.obj
 0001:00018720       __lock_file                10019720 f   libucrtd:_file.obj
 0001:00018750       __unlock_file              10019750 f   libucrtd:_file.obj
 0001:00018780       ??$?0ABV?$stream_output_adapter@D@__crt_stdio_output@@AB_KABQBDABQAU__crt_locale_pointers@@ABQAD@?$format_validation_base@DV?$stream_output_adapter@D@__crt_stdio_output@@@__crt_stdio_output@@IAE@ABV?$stream_output_adapter@D@1@AB_KABQBDABQAU__crt_locale_pointers@@ABQAD@Z 10019780 f i libucrtd:output.obj
 0001:000187b0       ??$?0ABV?$stream_output_adapter@D@__crt_stdio_output@@AB_KABQBDABQAU__crt_locale_pointers@@ABQAD@?$positional_parameter_base@DV?$stream_output_adapter@D@__crt_stdio_output@@@__crt_stdio_output@@IAE@ABV?$stream_output_adapter@D@1@AB_KABQBDABQAU__crt_locale_pointers@@ABQAD@Z 100197b0 f i libucrtd:output.obj
 0001:00018830       ??$?0ABV?$stream_output_adapter@D@__crt_stdio_output@@AB_KABQBDABQAU__crt_locale_pointers@@ABQAD@?$standard_base@DV?$stream_output_adapter@D@__crt_stdio_output@@@__crt_stdio_output@@IAE@ABV?$stream_output_adapter@D@1@AB_KABQBDABQAU__crt_locale_pointers@@ABQAD@Z 10019830 f i libucrtd:output.obj
 0001:00018880       ??$?0ABV?$stream_output_adapter@_W@__crt_stdio_output@@AB_KABQB_WABQAU__crt_locale_pointers@@ABQAD@?$format_validation_base@_WV?$stream_output_adapter@_W@__crt_stdio_output@@@__crt_stdio_output@@IAE@ABV?$stream_output_adapter@_W@1@AB_KABQB_WABQAU__crt_locale_pointers@@ABQAD@Z 10019880 f i libucrtd:output.obj
 0001:000188b0       ??$?0ABV?$stream_output_adapter@_W@__crt_stdio_output@@AB_KABQB_WABQAU__crt_locale_pointers@@ABQAD@?$positional_parameter_base@_WV?$stream_output_adapter@_W@__crt_stdio_output@@@__crt_stdio_output@@IAE@ABV?$stream_output_adapter@_W@1@AB_KABQB_WABQAU__crt_locale_pointers@@ABQAD@Z 100198b0 f i libucrtd:output.obj
 0001:00018930       ??$?0ABV?$stream_output_adapter@_W@__crt_stdio_output@@AB_KABQB_WABQAU__crt_locale_pointers@@ABQAD@?$standard_base@_WV?$stream_output_adapter@_W@__crt_stdio_output@@@__crt_stdio_output@@IAE@ABV?$stream_output_adapter@_W@1@AB_KABQB_WABQAU__crt_locale_pointers@@ABQAD@Z 10019930 f i libucrtd:output.obj
 0001:00018980       ??$?0ABV?$string_output_adapter@D@__crt_stdio_output@@AB_KABQBDABQAU__crt_locale_pointers@@ABQAD@?$format_validation_base@DV?$string_output_adapter@D@__crt_stdio_output@@@__crt_stdio_output@@IAE@ABV?$string_output_adapter@D@1@AB_KABQBDABQAU__crt_locale_pointers@@ABQAD@Z 10019980 f i libucrtd:output.obj
 0001:000189b0       ??$?0ABV?$string_output_adapter@D@__crt_stdio_output@@AB_KABQBDABQAU__crt_locale_pointers@@ABQAD@?$positional_parameter_base@DV?$string_output_adapter@D@__crt_stdio_output@@@__crt_stdio_output@@IAE@ABV?$string_output_adapter@D@1@AB_KABQBDABQAU__crt_locale_pointers@@ABQAD@Z 100199b0 f i libucrtd:output.obj
 0001:00018a30       ??$?0ABV?$string_output_adapter@D@__crt_stdio_output@@AB_KABQBDABQAU__crt_locale_pointers@@ABQAD@?$standard_base@DV?$string_output_adapter@D@__crt_stdio_output@@@__crt_stdio_output@@IAE@ABV?$string_output_adapter@D@1@AB_KABQBDABQAU__crt_locale_pointers@@ABQAD@Z 10019a30 f i libucrtd:output.obj
 0001:00018a80       ??$?0ABV?$string_output_adapter@_W@__crt_stdio_output@@AB_KABQB_WABQAU__crt_locale_pointers@@ABQAD@?$format_validation_base@_WV?$string_output_adapter@_W@__crt_stdio_output@@@__crt_stdio_output@@IAE@ABV?$string_output_adapter@_W@1@AB_KABQB_WABQAU__crt_locale_pointers@@ABQAD@Z 10019a80 f i libucrtd:output.obj
 0001:00018ab0       ??$?0ABV?$string_output_adapter@_W@__crt_stdio_output@@AB_KABQB_WABQAU__crt_locale_pointers@@ABQAD@?$positional_parameter_base@_WV?$string_output_adapter@_W@__crt_stdio_output@@@__crt_stdio_output@@IAE@ABV?$string_output_adapter@_W@1@AB_KABQB_WABQAU__crt_locale_pointers@@ABQAD@Z 10019ab0 f i libucrtd:output.obj
 0001:00018b30       ??$?0ABV?$string_output_adapter@_W@__crt_stdio_output@@AB_KABQB_WABQAU__crt_locale_pointers@@ABQAD@?$standard_base@_WV?$string_output_adapter@_W@__crt_stdio_output@@@__crt_stdio_output@@IAE@ABV?$string_output_adapter@_W@1@AB_KABQB_WABQAU__crt_locale_pointers@@ABQAD@Z 10019b30 f i libucrtd:output.obj
 0001:00018b80       ??$?RV<lambda_2293f24e3ce1ad6fe22ccfb9dec07671>@@AAV<lambda_2565fc715a641e539f44ad02d6823606>@@V<lambda_d3217f279b832965d9ca670dc2993570>@@@?$__crt_seh_guarded_call@H@@QAEH$$QAV<lambda_2293f24e3ce1ad6fe22ccfb9dec07671>@@AAV<lambda_2565fc715a641e539f44ad02d6823606>@@$$QAV<lambda_d3217f279b832965d9ca670dc2993570>@@@Z 10019b80 f i libucrtd:output.obj
 0001:00018c10       ??$?RV<lambda_4d4ac866be0fa3c441830420fabdd2cb>@@AAV<lambda_63a10c2dc8dbb9e4dd1890be52af7c93>@@V<lambda_002af9fa0f8fe472b648c51882d4fc32>@@@?$__crt_seh_guarded_call@H@@QAEH$$QAV<lambda_4d4ac866be0fa3c441830420fabdd2cb>@@AAV<lambda_63a10c2dc8dbb9e4dd1890be52af7c93>@@$$QAV<lambda_002af9fa0f8fe472b648c51882d4fc32>@@@Z 10019c10 f i libucrtd:output.obj
 0001:00018ca0       ??$?RV<lambda_5be909dfbae0a631386585770cd7b676>@@AAV<lambda_e516058a9c289d98c8ca9fea99247804>@@V<lambda_afe2e0cdc5e0ecf6f0d6f5e2f8985e38>@@@?$__crt_seh_guarded_call@H@@QAEH$$QAV<lambda_5be909dfbae0a631386585770cd7b676>@@AAV<lambda_e516058a9c289d98c8ca9fea99247804>@@$$QAV<lambda_afe2e0cdc5e0ecf6f0d6f5e2f8985e38>@@@Z 10019ca0 f i libucrtd:output.obj
 0001:00018d30       ??$?RV<lambda_823d65812123d985753d53e2a8c25d20>@@AAV<lambda_0a97c9e57da7be065955385c79108ff2>@@V<lambda_4d2973f3ad2d226f00468307185dca1b>@@@?$__crt_seh_guarded_call@H@@QAEH$$QAV<lambda_823d65812123d985753d53e2a8c25d20>@@AAV<lambda_0a97c9e57da7be065955385c79108ff2>@@$$QAV<lambda_4d2973f3ad2d226f00468307185dca1b>@@@Z 10019d30 f i libucrtd:output.obj
 0001:00018dc0       ??$?RV<lambda_ab9923ffb5d694ec0d78876dd103e44f>@@AAV<lambda_481dd5778c961fbcd3b60b650e9b9dc4>@@V<lambda_7923d86c9e3f319b415918ec4b39749c>@@@?$__crt_seh_guarded_call@H@@QAEH$$QAV<lambda_ab9923ffb5d694ec0d78876dd103e44f>@@AAV<lambda_481dd5778c961fbcd3b60b650e9b9dc4>@@$$QAV<lambda_7923d86c9e3f319b415918ec4b39749c>@@@Z 10019dc0 f i libucrtd:output.obj
 0001:00018e50       ??$?RV<lambda_db08b09ef7aa9d4f8620ce68402612bc>@@AAV<lambda_4f2c1eaeead2a5fc776db5b62ea0fb9b>@@V<lambda_3ae262bc35d4ba6a3825c4f6bcaaf95c>@@@?$__crt_seh_guarded_call@H@@QAEH$$QAV<lambda_db08b09ef7aa9d4f8620ce68402612bc>@@AAV<lambda_4f2c1eaeead2a5fc776db5b62ea0fb9b>@@$$QAV<lambda_3ae262bc35d4ba6a3825c4f6bcaaf95c>@@@Z 10019e50 f i libucrtd:output.obj
 0001:00018ee0       ??$__acrt_lock_stream_and_call@V<lambda_0a97c9e57da7be065955385c79108ff2>@@@@YAHQAU_iobuf@@$$QAV<lambda_0a97c9e57da7be065955385c79108ff2>@@@Z 10019ee0 f i libucrtd:output.obj
 0001:00018f20       ??$__acrt_lock_stream_and_call@V<lambda_2565fc715a641e539f44ad02d6823606>@@@@YAHQAU_iobuf@@$$QAV<lambda_2565fc715a641e539f44ad02d6823606>@@@Z 10019f20 f i libucrtd:output.obj
 0001:00018f60       ??$__acrt_lock_stream_and_call@V<lambda_481dd5778c961fbcd3b60b650e9b9dc4>@@@@YAHQAU_iobuf@@$$QAV<lambda_481dd5778c961fbcd3b60b650e9b9dc4>@@@Z 10019f60 f i libucrtd:output.obj
 0001:00018fa0       ??$__acrt_lock_stream_and_call@V<lambda_4f2c1eaeead2a5fc776db5b62ea0fb9b>@@@@YAHQAU_iobuf@@$$QAV<lambda_4f2c1eaeead2a5fc776db5b62ea0fb9b>@@@Z 10019fa0 f i libucrtd:output.obj
 0001:00018fe0       ??$__acrt_lock_stream_and_call@V<lambda_63a10c2dc8dbb9e4dd1890be52af7c93>@@@@YAHQAU_iobuf@@$$QAV<lambda_63a10c2dc8dbb9e4dd1890be52af7c93>@@@Z 10019fe0 f i libucrtd:output.obj
 0001:00019020       ??$__acrt_lock_stream_and_call@V<lambda_e516058a9c289d98c8ca9fea99247804>@@@@YAHQAU_iobuf@@$$QAV<lambda_e516058a9c289d98c8ca9fea99247804>@@@Z 1001a020 f i libucrtd:output.obj
 0001:0001bde0       ??$count@D@formatting_buffer@__crt_stdio_output@@QBEIXZ 1001cde0 f i libucrtd:output.obj
 0001:0001be20       ??$data@D@formatting_buffer@__crt_stdio_output@@QAEPADXZ 1001ce20 f i libucrtd:output.obj
 0001:0001be60       ??$data@_W@formatting_buffer@__crt_stdio_output@@QAEPA_WXZ 1001ce60 f i libucrtd:output.obj
 0001:0001bea0       ??$ensure_buffer_is_big_enough@D@formatting_buffer@__crt_stdio_output@@QAE_NI@Z 1001cea0 f i libucrtd:output.obj
 0001:0001bf80       ??$extract_argument_from_va_list@C_J@?$positional_parameter_base@DV?$stream_output_adapter@D@__crt_stdio_output@@@__crt_stdio_output@@IAE_NAA_J@Z 1001cf80 f i libucrtd:output.obj
 0001:0001c0c0       ??$extract_argument_from_va_list@C_J@?$positional_parameter_base@DV?$string_output_adapter@D@__crt_stdio_output@@@__crt_stdio_output@@IAE_NAA_J@Z 1001d0c0 f i libucrtd:output.obj
 0001:0001c200       ??$extract_argument_from_va_list@C_J@?$positional_parameter_base@_WV?$stream_output_adapter@_W@__crt_stdio_output@@@__crt_stdio_output@@IAE_NAA_J@Z 1001d200 f i libucrtd:output.obj
 0001:0001c340       ??$extract_argument_from_va_list@C_J@?$positional_parameter_base@_WV?$string_output_adapter@_W@__crt_stdio_output@@@__crt_stdio_output@@IAE_NAA_J@Z 1001d340 f i libucrtd:output.obj
 0001:0001c480       ??$extract_argument_from_va_list@C_J@?$standard_base@DV?$stream_output_adapter@D@__crt_stdio_output@@@__crt_stdio_output@@IAE_NAA_J@Z 1001d480 f i libucrtd:output.obj
 0001:0001c4b0       ??$extract_argument_from_va_list@C_J@?$standard_base@DV?$string_output_adapter@D@__crt_stdio_output@@@__crt_stdio_output@@IAE_NAA_J@Z 1001d4b0 f i libucrtd:output.obj
 0001:0001c4e0       ??$extract_argument_from_va_list@C_J@?$standard_base@_WV?$stream_output_adapter@_W@__crt_stdio_output@@@__crt_stdio_output@@IAE_NAA_J@Z 1001d4e0 f i libucrtd:output.obj
 0001:0001c510       ??$extract_argument_from_va_list@C_J@?$standard_base@_WV?$string_output_adapter@_W@__crt_stdio_output@@@__crt_stdio_output@@IAE_NAA_J@Z 1001d510 f i libucrtd:output.obj
 0001:0001c540       ??$extract_argument_from_va_list@E_J@?$positional_parameter_base@DV?$stream_output_adapter@D@__crt_stdio_output@@@__crt_stdio_output@@IAE_NAA_J@Z 1001d540 f i libucrtd:output.obj
 0001:0001c680       ??$extract_argument_from_va_list@E_J@?$positional_parameter_base@DV?$string_output_adapter@D@__crt_stdio_output@@@__crt_stdio_output@@IAE_NAA_J@Z 1001d680 f i libucrtd:output.obj
 0001:0001c7c0       ??$extract_argument_from_va_list@E_J@?$positional_parameter_base@_WV?$stream_output_adapter@_W@__crt_stdio_output@@@__crt_stdio_output@@IAE_NAA_J@Z 1001d7c0 f i libucrtd:output.obj
 0001:0001c900       ??$extract_argument_from_va_list@E_J@?$positional_parameter_base@_WV?$string_output_adapter@_W@__crt_stdio_output@@@__crt_stdio_output@@IAE_NAA_J@Z 1001d900 f i libucrtd:output.obj
 0001:0001ca40       ??$extract_argument_from_va_list@E_J@?$standard_base@DV?$stream_output_adapter@D@__crt_stdio_output@@@__crt_stdio_output@@IAE_NAA_J@Z 1001da40 f i libucrtd:output.obj
 0001:0001ca70       ??$extract_argument_from_va_list@E_J@?$standard_base@DV?$string_output_adapter@D@__crt_stdio_output@@@__crt_stdio_output@@IAE_NAA_J@Z 1001da70 f i libucrtd:output.obj
 0001:0001caa0       ??$extract_argument_from_va_list@E_J@?$standard_base@_WV?$stream_output_adapter@_W@__crt_stdio_output@@@__crt_stdio_output@@IAE_NAA_J@Z 1001daa0 f i libucrtd:output.obj
 0001:0001cad0       ??$extract_argument_from_va_list@E_J@?$standard_base@_WV?$string_output_adapter@_W@__crt_stdio_output@@@__crt_stdio_output@@IAE_NAA_J@Z 1001dad0 f i libucrtd:output.obj
 0001:0001cb00       ??$extract_argument_from_va_list@F_J@?$positional_parameter_base@DV?$stream_output_adapter@D@__crt_stdio_output@@@__crt_stdio_output@@IAE_NAA_J@Z 1001db00 f i libucrtd:output.obj
 0001:0001cc30       ??$extract_argument_from_va_list@F_J@?$positional_parameter_base@DV?$string_output_adapter@D@__crt_stdio_output@@@__crt_stdio_output@@IAE_NAA_J@Z 1001dc30 f i libucrtd:output.obj
 0001:0001cd60       ??$extract_argument_from_va_list@F_J@?$positional_parameter_base@_WV?$stream_output_adapter@_W@__crt_stdio_output@@@__crt_stdio_output@@IAE_NAA_J@Z 1001dd60 f i libucrtd:output.obj
 0001:0001ce90       ??$extract_argument_from_va_list@F_J@?$positional_parameter_base@_WV?$string_output_adapter@_W@__crt_stdio_output@@@__crt_stdio_output@@IAE_NAA_J@Z 1001de90 f i libucrtd:output.obj
 0001:0001cfc0       ??$extract_argument_from_va_list@F_J@?$standard_base@DV?$stream_output_adapter@D@__crt_stdio_output@@@__crt_stdio_output@@IAE_NAA_J@Z 1001dfc0 f i libucrtd:output.obj
 0001:0001cff0       ??$extract_argument_from_va_list@F_J@?$standard_base@DV?$string_output_adapter@D@__crt_stdio_output@@@__crt_stdio_output@@IAE_NAA_J@Z 1001dff0 f i libucrtd:output.obj
 0001:0001d020       ??$extract_argument_from_va_list@F_J@?$standard_base@_WV?$stream_output_adapter@_W@__crt_stdio_output@@@__crt_stdio_output@@IAE_NAA_J@Z 1001e020 f i libucrtd:output.obj
 0001:0001d050       ??$extract_argument_from_va_list@F_J@?$standard_base@_WV?$string_output_adapter@_W@__crt_stdio_output@@@__crt_stdio_output@@IAE_NAA_J@Z 1001e050 f i libucrtd:output.obj
 0001:0001d080       ??$extract_argument_from_va_list@GD@?$positional_parameter_base@DV?$stream_output_adapter@D@__crt_stdio_output@@@__crt_stdio_output@@IAE_NAAD@Z 1001e080 f i libucrtd:output.obj
 0001:0001d1b0       ??$extract_argument_from_va_list@GD@?$positional_parameter_base@DV?$string_output_adapter@D@__crt_stdio_output@@@__crt_stdio_output@@IAE_NAAD@Z 1001e1b0 f i libucrtd:output.obj
 0001:0001d2e0       ??$extract_argument_from_va_list@GD@?$standard_base@DV?$stream_output_adapter@D@__crt_stdio_output@@@__crt_stdio_output@@IAE_NAAD@Z 1001e2e0 f i libucrtd:output.obj
 0001:0001d310       ??$extract_argument_from_va_list@GD@?$standard_base@DV?$string_output_adapter@D@__crt_stdio_output@@@__crt_stdio_output@@IAE_NAAD@Z 1001e310 f i libucrtd:output.obj
 0001:0001d340       ??$extract_argument_from_va_list@G_J@?$positional_parameter_base@DV?$stream_output_adapter@D@__crt_stdio_output@@@__crt_stdio_output@@IAE_NAA_J@Z 1001e340 f i libucrtd:output.obj
 0001:0001d480       ??$extract_argument_from_va_list@G_J@?$positional_parameter_base@DV?$string_output_adapter@D@__crt_stdio_output@@@__crt_stdio_output@@IAE_NAA_J@Z 1001e480 f i libucrtd:output.obj
 0001:0001d5c0       ??$extract_argument_from_va_list@G_J@?$positional_parameter_base@_WV?$stream_output_adapter@_W@__crt_stdio_output@@@__crt_stdio_output@@IAE_NAA_J@Z 1001e5c0 f i libucrtd:output.obj
 0001:0001d700       ??$extract_argument_from_va_list@G_J@?$positional_parameter_base@_WV?$string_output_adapter@_W@__crt_stdio_output@@@__crt_stdio_output@@IAE_NAA_J@Z 1001e700 f i libucrtd:output.obj
 0001:0001d840       ??$extract_argument_from_va_list@G_J@?$standard_base@DV?$stream_output_adapter@D@__crt_stdio_output@@@__crt_stdio_output@@IAE_NAA_J@Z 1001e840 f i libucrtd:output.obj
 0001:0001d870       ??$extract_argument_from_va_list@G_J@?$standard_base@DV?$string_output_adapter@D@__crt_stdio_output@@@__crt_stdio_output@@IAE_NAA_J@Z 1001e870 f i libucrtd:output.obj
 0001:0001d8a0       ??$extract_argument_from_va_list@G_J@?$standard_base@_WV?$stream_output_adapter@_W@__crt_stdio_output@@@__crt_stdio_output@@IAE_NAA_J@Z 1001e8a0 f i libucrtd:output.obj
 0001:0001d8d0       ??$extract_argument_from_va_list@G_J@?$standard_base@_WV?$string_output_adapter@_W@__crt_stdio_output@@@__crt_stdio_output@@IAE_NAA_J@Z 1001e8d0 f i libucrtd:output.obj
 0001:0001d900       ??$extract_argument_from_va_list@H_J@?$positional_parameter_base@DV?$stream_output_adapter@D@__crt_stdio_output@@@__crt_stdio_output@@IAE_NAA_J@Z 1001e900 f i libucrtd:output.obj
 0001:0001da30       ??$extract_argument_from_va_list@H_J@?$positional_parameter_base@DV?$string_output_adapter@D@__crt_stdio_output@@@__crt_stdio_output@@IAE_NAA_J@Z 1001ea30 f i libucrtd:output.obj
 0001:0001db60       ??$extract_argument_from_va_list@H_J@?$positional_parameter_base@_WV?$stream_output_adapter@_W@__crt_stdio_output@@@__crt_stdio_output@@IAE_NAA_J@Z 1001eb60 f i libucrtd:output.obj
 0001:0001dc90       ??$extract_argument_from_va_list@H_J@?$positional_parameter_base@_WV?$string_output_adapter@_W@__crt_stdio_output@@@__crt_stdio_output@@IAE_NAA_J@Z 1001ec90 f i libucrtd:output.obj
 0001:0001ddc0       ??$extract_argument_from_va_list@H_J@?$standard_base@DV?$stream_output_adapter@D@__crt_stdio_output@@@__crt_stdio_output@@IAE_NAA_J@Z 1001edc0 f i libucrtd:output.obj
 0001:0001ddf0       ??$extract_argument_from_va_list@H_J@?$standard_base@DV?$string_output_adapter@D@__crt_stdio_output@@@__crt_stdio_output@@IAE_NAA_J@Z 1001edf0 f i libucrtd:output.obj
 0001:0001de20       ??$extract_argument_from_va_list@H_J@?$standard_base@_WV?$stream_output_adapter@_W@__crt_stdio_output@@@__crt_stdio_output@@IAE_NAA_J@Z 1001ee20 f i libucrtd:output.obj
 0001:0001de50       ??$extract_argument_from_va_list@H_J@?$standard_base@_WV?$string_output_adapter@_W@__crt_stdio_output@@@__crt_stdio_output@@IAE_NAA_J@Z 1001ee50 f i libucrtd:output.obj
 0001:0001de80       ??$extract_argument_from_va_list@I_J@?$positional_parameter_base@DV?$stream_output_adapter@D@__crt_stdio_output@@@__crt_stdio_output@@IAE_NAA_J@Z 1001ee80 f i libucrtd:output.obj
 0001:0001dfb0       ??$extract_argument_from_va_list@I_J@?$positional_parameter_base@DV?$string_output_adapter@D@__crt_stdio_output@@@__crt_stdio_output@@IAE_NAA_J@Z 1001efb0 f i libucrtd:output.obj
 0001:0001e0e0       ??$extract_argument_from_va_list@I_J@?$positional_parameter_base@_WV?$stream_output_adapter@_W@__crt_stdio_output@@@__crt_stdio_output@@IAE_NAA_J@Z 1001f0e0 f i libucrtd:output.obj
 0001:0001e210       ??$extract_argument_from_va_list@I_J@?$positional_parameter_base@_WV?$string_output_adapter@_W@__crt_stdio_output@@@__crt_stdio_output@@IAE_NAA_J@Z 1001f210 f i libucrtd:output.obj
 0001:0001e340       ??$extract_argument_from_va_list@I_J@?$standard_base@DV?$stream_output_adapter@D@__crt_stdio_output@@@__crt_stdio_output@@IAE_NAA_J@Z 1001f340 f i libucrtd:output.obj
 0001:0001e370       ??$extract_argument_from_va_list@I_J@?$standard_base@DV?$string_output_adapter@D@__crt_stdio_output@@@__crt_stdio_output@@IAE_NAA_J@Z 1001f370 f i libucrtd:output.obj
 0001:0001e3a0       ??$extract_argument_from_va_list@I_J@?$standard_base@_WV?$stream_output_adapter@_W@__crt_stdio_output@@@__crt_stdio_output@@IAE_NAA_J@Z 1001f3a0 f i libucrtd:output.obj
 0001:0001e3d0       ??$extract_argument_from_va_list@I_J@?$standard_base@_WV?$string_output_adapter@_W@__crt_stdio_output@@@__crt_stdio_output@@IAE_NAA_J@Z 1001f3d0 f i libucrtd:output.obj
 0001:0001e400       ??$extract_argument_from_va_list@PADPAD@?$positional_parameter_base@DV?$stream_output_adapter@D@__crt_stdio_output@@@__crt_stdio_output@@IAE_NAAPAD@Z 1001f400 f i libucrtd:output.obj
 0001:0001e530       ??$extract_argument_from_va_list@PADPAD@?$positional_parameter_base@DV?$string_output_adapter@D@__crt_stdio_output@@@__crt_stdio_output@@IAE_NAAPAD@Z 1001f530 f i libucrtd:output.obj
 0001:0001e660       ??$extract_argument_from_va_list@PADPAD@?$positional_parameter_base@_WV?$stream_output_adapter@_W@__crt_stdio_output@@@__crt_stdio_output@@IAE_NAAPAD@Z 1001f660 f i libucrtd:output.obj
 0001:0001e790       ??$extract_argument_from_va_list@PADPAD@?$positional_parameter_base@_WV?$string_output_adapter@_W@__crt_stdio_output@@@__crt_stdio_output@@IAE_NAAPAD@Z 1001f790 f i libucrtd:output.obj
 0001:0001e8c0       ??$extract_argument_from_va_list@PADPAD@?$standard_base@DV?$stream_output_adapter@D@__crt_stdio_output@@@__crt_stdio_output@@IAE_NAAPAD@Z 1001f8c0 f i libucrtd:output.obj
 0001:0001e8f0       ??$extract_argument_from_va_list@PADPAD@?$standard_base@DV?$string_output_adapter@D@__crt_stdio_output@@@__crt_stdio_output@@IAE_NAAPAD@Z 1001f8f0 f i libucrtd:output.obj
 0001:0001e920       ??$extract_argument_from_va_list@PADPAD@?$standard_base@_WV?$stream_output_adapter@_W@__crt_stdio_output@@@__crt_stdio_output@@IAE_NAAPAD@Z 1001f920 f i libucrtd:output.obj
 0001:0001e950       ??$extract_argument_from_va_list@PADPAD@?$standard_base@_WV?$string_output_adapter@_W@__crt_stdio_output@@@__crt_stdio_output@@IAE_NAAPAD@Z 1001f950 f i libucrtd:output.obj
 0001:0001e980       ??$extract_argument_from_va_list@PAUansi_string@?1??type_case_Z@?$output_processor@DV?$stream_output_adapter@D@__crt_stdio_output@@V?$format_validation_base@DV?$stream_output_adapter@D@__crt_stdio_output@@@2@@__crt_stdio_output@@AAE_NXZ@PAU1?1??234@AAE_NXZ@@?$standard_base@DV?$stream_output_adapter@D@__crt_stdio_output@@@__crt_stdio_output@@IAE_NAAPAUansi_string@?1??type_case_Z@?$output_processor@DV?$stream_output_adapter@D@__crt_stdio_output@@V?$format_validation_base@DV?$stream_output_adapter@D@__crt_stdio_output@@@2@@1@AAE_NXZ@@Z 1001f980 f i libucrtd:output.obj
 0001:0001e9b0       ??$extract_argument_from_va_list@PAUansi_string@?1??type_case_Z@?$output_processor@DV?$stream_output_adapter@D@__crt_stdio_output@@V?$positional_parameter_base@DV?$stream_output_adapter@D@__crt_stdio_output@@@2@@__crt_stdio_output@@AAE_NXZ@PAU1?1??234@AAE_NXZ@@?$positional_parameter_base@DV?$stream_output_adapter@D@__crt_stdio_output@@@__crt_stdio_output@@IAE_NAAPAUansi_string@?1??type_case_Z@?$output_processor@DV?$stream_output_adapter@D@__crt_stdio_output@@V?$positional_parameter_base@DV?$stream_output_adapter@D@__crt_stdio_output@@@2@@1@AAE_NXZ@@Z 1001f9b0 f i libucrtd:output.obj
 0001:0001eae0       ??$extract_argument_from_va_list@PAUansi_string@?1??type_case_Z@?$output_processor@DV?$stream_output_adapter@D@__crt_stdio_output@@V?$positional_parameter_base@DV?$stream_output_adapter@D@__crt_stdio_output@@@2@@__crt_stdio_output@@AAE_NXZ@PAU1?1??234@AAE_NXZ@@?$standard_base@DV?$stream_output_adapter@D@__crt_stdio_output@@@__crt_stdio_output@@IAE_NAAPAUansi_string@?1??type_case_Z@?$output_processor@DV?$stream_output_adapter@D@__crt_stdio_output@@V?$positional_parameter_base@DV?$stream_output_adapter@D@__crt_stdio_output@@@2@@1@AAE_NXZ@@Z 1001fae0 f i libucrtd:output.obj
 0001:0001eb10       ??$extract_argument_from_va_list@PAUansi_string@?1??type_case_Z@?$output_processor@DV?$stream_output_adapter@D@__crt_stdio_output@@V?$standard_base@DV?$stream_output_adapter@D@__crt_stdio_output@@@2@@__crt_stdio_output@@AAE_NXZ@PAU1?1??234@AAE_NXZ@@?$standard_base@DV?$stream_output_adapter@D@__crt_stdio_output@@@__crt_stdio_output@@IAE_NAAPAUansi_string@?1??type_case_Z@?$output_processor@DV?$stream_output_adapter@D@__crt_stdio_output@@V?$standard_base@DV?$stream_output_adapter@D@__crt_stdio_output@@@2@@1@AAE_NXZ@@Z 1001fb10 f i libucrtd:output.obj
 0001:0001eb40       ??$extract_argument_from_va_list@PAUansi_string@?1??type_case_Z@?$output_processor@DV?$string_output_adapter@D@__crt_stdio_output@@V?$format_validation_base@DV?$string_output_adapter@D@__crt_stdio_output@@@2@@__crt_stdio_output@@AAE_NXZ@PAU1?1??234@AAE_NXZ@@?$standard_base@DV?$string_output_adapter@D@__crt_stdio_output@@@__crt_stdio_output@@IAE_NAAPAUansi_string@?1??type_case_Z@?$output_processor@DV?$string_output_adapter@D@__crt_stdio_output@@V?$format_validation_base@DV?$string_output_adapter@D@__crt_stdio_output@@@2@@1@AAE_NXZ@@Z 1001fb40 f i libucrtd:output.obj
 0001:0001eb70       ??$extract_argument_from_va_list@PAUansi_string@?1??type_case_Z@?$output_processor@DV?$string_output_adapter@D@__crt_stdio_output@@V?$positional_parameter_base@DV?$string_output_adapter@D@__crt_stdio_output@@@2@@__crt_stdio_output@@AAE_NXZ@PAU1?1??234@AAE_NXZ@@?$positional_parameter_base@DV?$string_output_adapter@D@__crt_stdio_output@@@__crt_stdio_output@@IAE_NAAPAUansi_string@?1??type_case_Z@?$output_processor@DV?$string_output_adapter@D@__crt_stdio_output@@V?$positional_parameter_base@DV?$string_output_adapter@D@__crt_stdio_output@@@2@@1@AAE_NXZ@@Z 1001fb70 f i libucrtd:output.obj
 0001:0001eca0       ??$extract_argument_from_va_list@PAUansi_string@?1??type_case_Z@?$output_processor@DV?$string_output_adapter@D@__crt_stdio_output@@V?$positional_parameter_base@DV?$string_output_adapter@D@__crt_stdio_output@@@2@@__crt_stdio_output@@AAE_NXZ@PAU1?1??234@AAE_NXZ@@?$standard_base@DV?$string_output_adapter@D@__crt_stdio_output@@@__crt_stdio_output@@IAE_NAAPAUansi_string@?1??type_case_Z@?$output_processor@DV?$string_output_adapter@D@__crt_stdio_output@@V?$positional_parameter_base@DV?$string_output_adapter@D@__crt_stdio_output@@@2@@1@AAE_NXZ@@Z 1001fca0 f i libucrtd:output.obj
 0001:0001ecd0       ??$extract_argument_from_va_list@PAUansi_string@?1??type_case_Z@?$output_processor@DV?$string_output_adapter@D@__crt_stdio_output@@V?$standard_base@DV?$string_output_adapter@D@__crt_stdio_output@@@2@@__crt_stdio_output@@AAE_NXZ@PAU1?1??234@AAE_NXZ@@?$standard_base@DV?$string_output_adapter@D@__crt_stdio_output@@@__crt_stdio_output@@IAE_NAAPAUansi_string@?1??type_case_Z@?$output_processor@DV?$string_output_adapter@D@__crt_stdio_output@@V?$standard_base@DV?$string_output_adapter@D@__crt_stdio_output@@@2@@1@AAE_NXZ@@Z 1001fcd0 f i libucrtd:output.obj
 0001:0001ed00       ??$extract_argument_from_va_list@PAUansi_string@?1??type_case_Z@?$output_processor@_WV?$stream_output_adapter@_W@__crt_stdio_output@@V?$format_validation_base@_WV?$stream_output_adapter@_W@__crt_stdio_output@@@2@@__crt_stdio_output@@AAE_NXZ@PAU1?1??234@AAE_NXZ@@?$standard_base@_WV?$stream_output_adapter@_W@__crt_stdio_output@@@__crt_stdio_output@@IAE_NAAPAUansi_string@?1??type_case_Z@?$output_processor@_WV?$stream_output_adapter@_W@__crt_stdio_output@@V?$format_validation_base@_WV?$stream_output_adapter@_W@__crt_stdio_output@@@2@@1@AAE_NXZ@@Z 1001fd00 f i libucrtd:output.obj
 0001:0001ed30       ??$extract_argument_from_va_list@PAUansi_string@?1??type_case_Z@?$output_processor@_WV?$stream_output_adapter@_W@__crt_stdio_output@@V?$positional_parameter_base@_WV?$stream_output_adapter@_W@__crt_stdio_output@@@2@@__crt_stdio_output@@AAE_NXZ@PAU1?1??234@AAE_NXZ@@?$positional_parameter_base@_WV?$stream_output_adapter@_W@__crt_stdio_output@@@__crt_stdio_output@@IAE_NAAPAUansi_string@?1??type_case_Z@?$output_processor@_WV?$stream_output_adapter@_W@__crt_stdio_output@@V?$positional_parameter_base@_WV?$stream_output_adapter@_W@__crt_stdio_output@@@2@@1@AAE_NXZ@@Z 1001fd30 f i libucrtd:output.obj
 0001:0001ee60       ??$extract_argument_from_va_list@PAUansi_string@?1??type_case_Z@?$output_processor@_WV?$stream_output_adapter@_W@__crt_stdio_output@@V?$positional_parameter_base@_WV?$stream_output_adapter@_W@__crt_stdio_output@@@2@@__crt_stdio_output@@AAE_NXZ@PAU1?1??234@AAE_NXZ@@?$standard_base@_WV?$stream_output_adapter@_W@__crt_stdio_output@@@__crt_stdio_output@@IAE_NAAPAUansi_string@?1??type_case_Z@?$output_processor@_WV?$stream_output_adapter@_W@__crt_stdio_output@@V?$positional_parameter_base@_WV?$stream_output_adapter@_W@__crt_stdio_output@@@2@@1@AAE_NXZ@@Z 1001fe60 f i libucrtd:output.obj
 0001:0001ee90       ??$extract_argument_from_va_list@PAUansi_string@?1??type_case_Z@?$output_processor@_WV?$stream_output_adapter@_W@__crt_stdio_output@@V?$standard_base@_WV?$stream_output_adapter@_W@__crt_stdio_output@@@2@@__crt_stdio_output@@AAE_NXZ@PAU1?1??234@AAE_NXZ@@?$standard_base@_WV?$stream_output_adapter@_W@__crt_stdio_output@@@__crt_stdio_output@@IAE_NAAPAUansi_string@?1??type_case_Z@?$output_processor@_WV?$stream_output_adapter@_W@__crt_stdio_output@@V?$standard_base@_WV?$stream_output_adapter@_W@__crt_stdio_output@@@2@@1@AAE_NXZ@@Z 1001fe90 f i libucrtd:output.obj
 0001:0001eec0       ??$extract_argument_from_va_list@PAUansi_string@?1??type_case_Z@?$output_processor@_WV?$string_output_adapter@_W@__crt_stdio_output@@V?$format_validation_base@_WV?$string_output_adapter@_W@__crt_stdio_output@@@2@@__crt_stdio_output@@AAE_NXZ@PAU1?1??234@AAE_NXZ@@?$standard_base@_WV?$string_output_adapter@_W@__crt_stdio_output@@@__crt_stdio_output@@IAE_NAAPAUansi_string@?1??type_case_Z@?$output_processor@_WV?$string_output_adapter@_W@__crt_stdio_output@@V?$format_validation_base@_WV?$string_output_adapter@_W@__crt_stdio_output@@@2@@1@AAE_NXZ@@Z 1001fec0 f i libucrtd:output.obj
 0001:0001eef0       ??$extract_argument_from_va_list@PAUansi_string@?1??type_case_Z@?$output_processor@_WV?$string_output_adapter@_W@__crt_stdio_output@@V?$positional_parameter_base@_WV?$string_output_adapter@_W@__crt_stdio_output@@@2@@__crt_stdio_output@@AAE_NXZ@PAU1?1??234@AAE_NXZ@@?$positional_parameter_base@_WV?$string_output_adapter@_W@__crt_stdio_output@@@__crt_stdio_output@@IAE_NAAPAUansi_string@?1??type_case_Z@?$output_processor@_WV?$string_output_adapter@_W@__crt_stdio_output@@V?$positional_parameter_base@_WV?$string_output_adapter@_W@__crt_stdio_output@@@2@@1@AAE_NXZ@@Z 1001fef0 f i libucrtd:output.obj
 0001:0001f020       ??$extract_argument_from_va_list@PAUansi_string@?1??type_case_Z@?$output_processor@_WV?$string_output_adapter@_W@__crt_stdio_output@@V?$positional_parameter_base@_WV?$string_output_adapter@_W@__crt_stdio_output@@@2@@__crt_stdio_output@@AAE_NXZ@PAU1?1??234@AAE_NXZ@@?$standard_base@_WV?$string_output_adapter@_W@__crt_stdio_output@@@__crt_stdio_output@@IAE_NAAPAUansi_string@?1??type_case_Z@?$output_processor@_WV?$string_output_adapter@_W@__crt_stdio_output@@V?$positional_parameter_base@_WV?$string_output_adapter@_W@__crt_stdio_output@@@2@@1@AAE_NXZ@@Z 10020020 f i libucrtd:output.obj
 0001:0001f050       ??$extract_argument_from_va_list@PAUansi_string@?1??type_case_Z@?$output_processor@_WV?$string_output_adapter@_W@__crt_stdio_output@@V?$standard_base@_WV?$string_output_adapter@_W@__crt_stdio_output@@@2@@__crt_stdio_output@@AAE_NXZ@PAU1?1??234@AAE_NXZ@@?$standard_base@_WV?$string_output_adapter@_W@__crt_stdio_output@@@__crt_stdio_output@@IAE_NAAPAUansi_string@?1??type_case_Z@?$output_processor@_WV?$string_output_adapter@_W@__crt_stdio_output@@V?$standard_base@_WV?$string_output_adapter@_W@__crt_stdio_output@@@2@@1@AAE_NXZ@@Z 10020050 f i libucrtd:output.obj
 0001:0001f080       ??$extract_argument_from_va_list@PAXPAX@?$positional_parameter_base@DV?$stream_output_adapter@D@__crt_stdio_output@@@__crt_stdio_output@@IAE_NAAPAX@Z 10020080 f i libucrtd:output.obj
 0001:0001f1b0       ??$extract_argument_from_va_list@PAXPAX@?$positional_parameter_base@DV?$string_output_adapter@D@__crt_stdio_output@@@__crt_stdio_output@@IAE_NAAPAX@Z 100201b0 f i libucrtd:output.obj
 0001:0001f2e0       ??$extract_argument_from_va_list@PAXPAX@?$positional_parameter_base@_WV?$stream_output_adapter@_W@__crt_stdio_output@@@__crt_stdio_output@@IAE_NAAPAX@Z 100202e0 f i libucrtd:output.obj
[...]
 0002:0001e537       $N00053                    1009a537     modbus.exp
 0002:0001e548       $N00054                    1009a548     modbus.exp
 0002:0001e55a       $N00055                    1009a55a     modbus.exp
 0002:0001e56a       $N00056                    1009a56a     modbus.exp
 0002:0001e57c       $N00057                    1009a57c     modbus.exp
 0002:0001e58e       $N00058                    1009a58e     modbus.exp
 0002:0001e5a3       $N00059                    1009a5a3     modbus.exp
 0002:0001e5b8       $N00060                    1009a5b8     modbus.exp
 0002:0001e5d8       $N00061                    1009a5d8     modbus.exp
 0002:0001e5e9       $N00062                    1009a5e9     modbus.exp
 0002:0001e5fb       $N00063                    1009a5fb     modbus.exp
 0002:0001e611       $N00064                    1009a611     modbus.exp
 0002:0001e862       .idata$6                   1009a862     ws2_32:WS2_32.dll
 0002:0001e90a       .idata$6                   1009a90a     kernel32:KERNEL32.dll
 0003:00000000       $SG86840                   1009b000     modbus-data.obj
 0003:00000024       $SG86841                   1009b024     modbus-data.obj
 0003:0000003c       $SG90406                   1009b03c     modbus-rtu.obj
 0003:0000005c       $SG90407                   1009b05c     modbus-rtu.obj
 0003:00000080       $SG90501                   1009b080     modbus-rtu.obj
 0003:00000098       $SG90527                   1009b098     modbus-rtu.obj
 0003:000000d0       $SG90541                   1009b0d0     modbus-rtu.obj
 0003:000000f8       $SG90545                   1009b0f8     modbus-rtu.obj
 0003:0000012c       $SG90570                   1009b12c     modbus-rtu.obj
 0003:00000154       $SG90573                   1009b154     modbus-rtu.obj
 0003:00000184       $SG90576                   1009b184     modbus-rtu.obj
 0003:000001b8       $SG90597                   1009b1b8     modbus-rtu.obj
 0003:000001ec       $SG90610                   1009b1ec     modbus-rtu.obj
 0003:00000224       $SG90620                   1009b224     modbus-rtu.obj
 0003:00000254       $SG90629                   1009b254     modbus-rtu.obj
 0003:00000284       $SG90638                   1009b284     modbus-rtu.obj
 0003:000002b4       $SG90648                   1009b2b4     modbus-rtu.obj
 0003:000002e4       $SG90663                   1009b2e4     modbus-rtu.obj
 0003:00000314       $SG90672                   1009b314     modbus-rtu.obj
 0003:00000344       $SG90684                   1009b344     modbus-rtu.obj
 0003:00000374       $SG90693                   1009b374     modbus-rtu.obj
 0003:000003ac       $SG90695                   1009b3ac     modbus-rtu.obj
 0003:000003e0       $SG90753                   1009b3e0     modbus-rtu.obj
 0003:000003fc       $SG90755                   1009b3fc     modbus-rtu.obj
 0003:00000424       $SG90116                   1009b424     modbus-tcp.obj
 0003:00000448       $SG90154                   1009b448     modbus-tcp.obj
 0003:00000460       $SG90156                   1009b460     modbus-tcp.obj
 0003:00000484       $SG90188                   1009b484     modbus-tcp.obj
 0003:000004a0       $SG90190                   1009b4a0     modbus-tcp.obj
 0003:000004c4       $SG90194                   1009b4c4     modbus-tcp.obj
 0003:000004e4       $SG90196                   1009b4e4     modbus-tcp.obj
 0003:0000050c       $SG89754                   1009b50c     modbus-tcp.obj
 0003:00000534       $SG89844                   1009b534     modbus-tcp.obj
 0003:00000568       $SG89847                   1009b568     modbus-tcp.obj
 0003:00000598       $SG89915                   1009b598     modbus-tcp.obj
 0003:000005b0       $SG89939                   1009b5b0     modbus-tcp.obj
 0003:000005d4       $SG89943                   1009b5d4     modbus-tcp.obj
 0003:000005ec       $SG90040                   1009b5ec     modbus-tcp.obj
 0003:000005f0       $SG90043                   1009b5f0     modbus-tcp.obj
 0003:00000614       $SG90047                   1009b614     modbus-tcp.obj
 0003:0000061c       $SG90050                   1009b61c     modbus-tcp.obj
 0003:00000628       $SG90053                   1009b628     modbus-tcp.obj
 0003:00000630       $SG90056                   1009b630     modbus-tcp.obj
 0003:00000638       $SG90070                   1009b638     modbus-tcp.obj
 0003:00000664       $SG90083                   1009b664     modbus-tcp.obj
 0003:00000688       $SG91137                   1009b688     modbus.obj
 0003:000006b8       $SG91140                   1009b6b8     modbus.obj
 0003:000006e8       $SG90369                   1009b6e8     modbus.obj
 0003:000006fc       $SG90371                   1009b6fc     modbus.obj
 0003:00000714       $SG90373                   1009b714     modbus.obj
 0003:00000728       $SG90375                   1009b728     modbus.obj
 0003:00000748       $SG90377                   1009b748     modbus.obj
 0003:00000754       $SG90379                   1009b754     modbus.obj
 0003:00000774       $SG90381                   1009b774     modbus.obj
 0003:0000078c       $SG90383                   1009b78c     modbus.obj
 0003:000007a0       $SG90385                   1009b7a0     modbus.obj
 0003:000007bc       $SG90387                   1009b7bc     modbus.obj
 0003:000007dc       $SG90389                   1009b7dc     modbus.obj
 0003:000007e8       $SG90391                   1009b7e8     modbus.obj
 0003:000007f8       $SG90393                   1009b7f8     modbus.obj
 0003:00000810       $SG90395                   1009b810     modbus.obj
 0003:00000820       $SG90397                   1009b820     modbus.obj
 0003:00000844       $SG90406                   1009b844     modbus.obj
 0003:00000850       $SG90409                   1009b850     modbus.obj
 0003:00000858       $SG90410                   1009b858     modbus.obj
 0003:0000085c       $SG90422                   1009b85c     modbus.obj
 0003:00000870       $SG90459                   1009b870     modbus.obj
 0003:00000878       $SG90460                   1009b878     modbus.obj
 0003:0000087c       $SG90569                   1009b87c     modbus.obj
 0003:0000089c       $SG90570                   1009b89c     modbus.obj
 0003:000008bc       $SG90579                   1009b8bc     modbus.obj
 0003:000008c4       $SG90586                   1009b8c4     modbus.obj
 0003:000008cc       $SG90590                   1009b8cc     modbus.obj
 0003:000008d4       $SG90596                   1009b8d4     modbus.obj
 0003:000008e4       $SG90601                   1009b8e4     modbus.obj
 0003:000008e8       $SG90651                   1009b8e8     modbus.obj
 0003:0000092c       $SG90661                   1009b92c     modbus.obj
 0003:00000964       $SG90783                   1009b964     modbus.obj
 0003:00000974       $SG90784                   1009b974     modbus.obj
 0003:00000980       $SG90664                   1009b980     modbus.obj
 0003:000009c4       $SG90788                   1009b9c4     modbus.obj
 0003:000009ec       $SG90792                   1009b9ec     modbus.obj
 0003:00000a10       $SG90794                   1009ba10     modbus.obj
 0003:00000a28       $SG90795                   1009ba28     modbus.obj
 0003:00000a38       $SG90799                   1009ba38     modbus.obj
 0003:00000a60       $SG90803                   1009ba60     modbus.obj
 0003:00000a84       $SG90808                   1009ba84     modbus.obj
 0003:00000ab0       $SG90812                   1009bab0     modbus.obj
 0003:00000af0       $SG90817                   1009baf0     modbus.obj
 0003:00000b20       $SG90822                   1009bb20     modbus.obj
 0003:00000b54       $SG90826                   1009bb54     modbus.obj
 0003:00000b80       $SG90831                   1009bb80     modbus.obj
 0003:00000bbc       $SG90835                   1009bbbc     modbus.obj
 0003:00000bec       $SG90837                   1009bbec     modbus.obj
 0003:00000bf8       $SG90840                   1009bbf8     modbus.obj
 0003:00000c10       $SG90845                   1009bc10     modbus.obj
 0003:00000c40       $SG90850                   1009bc40     modbus.obj
 0003:00000c8c       $SG90920                   1009bc8c     modbus.obj
 0003:00000cb8       $SG90854                   1009bcb8     modbus.obj
 0003:00000d0c       $SG90856                   1009bd0c     modbus.obj
 0003:00000d34       $SG90937                   1009bd34     modbus.obj
 0003:00000d68       $SG90963                   1009bd68     modbus.obj
 0003:00000d98       $SG90981                   1009bd98     modbus.obj
 0003:00000dc8       $SG90995                   1009bdc8     modbus.obj
 0003:00000dfc       $SG91060                   1009bdfc     modbus.obj
 0003:00000e24       $SG91087                   1009be24     modbus.obj
 0003:00000e90       ?__vcrt_flsindex@@3KA      1009be90     libvcruntimed:per_thread_data.obj
 0003:00000f58       _errno_no_memory           1009bf58     libucrtd:errno.obj
 0003:00000f5c       _doserrno_no_memory        1009bf5c     libucrtd:errno.obj
 0003:00000f60       ___acrt_current_request_number 1009bf60     libucrtd:debug_heap.obj
 0003:00000fa8       ___acrt_debug_fill_threshold 1009bfa8     libucrtd:debug_fill_threshold.obj
 0003:00000fac       ___acrt_flsindex           1009bfac     libucrtd:per_thread_data.obj
 0003:00000fb0       __ctype_loc_style          1009bfb0     libucrtd:wsetlocale.obj
 0003:00001098       ___rgctypeflag             1009c098     libucrtd:mbctype.obj
 0003:000010a0       ___rgcode_page_info        1009c0a0     libucrtd:mbctype.obj
 0003:000015bc       ?global_msvcrt_heap_handle_cache@?1??__acrt_get_msvcrt_heap_handle@@9@4PAXA 1009c5bc     libucrtd:free_base.obj
 0003:00001640       ?__DAZ_ENABLED@?1??__set_fpsr_sse2@@9@9 1009c640     libucrtd:fpctrl.obj
 0003:00001760       ?init@?1??_RTC_InitBase@@9@4_NA 1009c760     LIBCMTD:_init_.obj
 0003:00001770       _GS_ExceptionRecord        1009c770     LIBCMTD:gs_report.obj
 0003:000017c0       _GS_ContextRecord          1009c7c0     LIBCMTD:gs_report.obj
 0003:00001a8c       ?__proc_attached@@3HA      1009ca8c     LIBCMTD:dll_dllmain.obj
 0003:00001a90       ?_RTC_ErrorReportFunc@@3P6AHHPBDH00ZZA 1009ca90     LIBCMTD:_userapi_.obj
 0003:00001a94       ?_RTC_ErrorReportFuncW@@3P6AHHPB_WH00ZZA 1009ca94     LIBCMTD:_userapi_.obj
 0003:00001a98       ?mspdb@@3PAUHINSTANCE__@@A 1009ca98     LIBCMTD:_pdblkup_.obj
 0003:00001a9c       ?alreadyTried@?1??GetPdbDll@@YAPAUHINSTANCE__@@XZ@4_NA 1009ca9c     LIBCMTD:_pdblkup_.obj
 0003:00001a9d       ?PDBOK@?1??_RTC_GetSrcLine@@YAHPAEPA_WKPAH1K@Z@4_NA 1009ca9d     LIBCMTD:_pdblkup_.obj
 0003:00001aa8       ?module_local_atexit_table@@3U_onexit_table_t@@A 1009caa8     LIBCMTD:utility.obj
 0003:00001ab4       ?module_local_at_quick_exit_table@@3U_onexit_table_t@@A 1009cab4     LIBCMTD:utility.obj
 0003:00001ac0       ?is_initialized_as_dll@@3_NA 1009cac0     LIBCMTD:utility.obj
 0003:00001ae4       ?__vcrt_startup_thread_ptd@@3U__vcrt_ptd@@A 1009cae4     libvcruntimed:per_thread_data.obj
 0003:00001b0c       ___vcrt_lock_table         1009cb0c     libvcruntimed:locks.obj
 0003:00001b24       ___vcrt_locks_initialized  1009cb24     libvcruntimed:locks.obj
 0003:00001b28       ?module_handles@@3PAPAUHINSTANCE__@@A 1009cb28     libvcruntimed:winapi_downlevel.obj
 0003:00001b38       ?encoded_function_pointers@@3PAPAXA 1009cb38     libvcruntimed:winapi_downlevel.obj
 0003:00001b88       ?heap@@3V_HeapManager@@A   1009cb88     libvcruntimed:undname.obj
 0003:00001ba0       ?buf@?1??dbGetString@DName@@QBEPADXZ@4PADA 1009cba0     libvcruntimed:undname.obj
 0003:00001c30       _c_termination_complete    1009cc30     libucrtd:exit.obj
 0003:00001c34       _thread_local_exit_callback_func 1009cc34     libucrtd:exit.obj
 0003:00001c38       ?c_exit_complete@?5??common_exit@@YAXHW4_crt_exit_cleanup_mode@@W4_crt_exit_return_mode@@@Z@4_NA 1009cc38     libucrtd:exit.obj
 0003:00001c40       ?program_name@?5???$common_configure_argv@D@@YAHW4_crt_argv_mode@@@Z@4PADA 1009cc40     libucrtd:argv_parsing.obj
 0003:00001d48       ?program_name@?5???$common_configure_argv@_W@@YAHW4_crt_argv_mode@@@Z@4PA_WA 1009cd48     libucrtd:argv_parsing.obj
 0003:00001f7c       ___acrt_first_block        1009cf7c     libucrtd:debug_heap.obj
 0003:00001f80       ___acrt_last_block         1009cf80     libucrtd:debug_heap.obj
 0003:00001f84       ___acrt_total_allocations  1009cf84     libucrtd:debug_heap.obj
 0003:00001f88       ___acrt_current_allocations 1009cf88     libucrtd:debug_heap.obj
 0003:00001f8c       ___acrt_max_allocations    1009cf8c     libucrtd:debug_heap.obj
 0003:00001f90       ___acrt_check_frequency    1009cf90     libucrtd:debug_heap.obj
 0003:00001f94       ___acrt_check_counter      1009cf94     libucrtd:debug_heap.obj
 0003:00001f9c       _heap_validation_pending   1009cf9c     libucrtd:debug_heap.obj
 0003:00001fa0       ___acrt_invalid_parameter_handler 1009cfa0     libucrtd:invalid_parameter.obj
 0003:00001fa4       ___acrt_app_type           1009cfa4     libucrtd:report_runtime_error.obj
 0003:00001fa8       ?outmsg@?9??__acrt_report_runtime_error@@9@4PA_WA 1009cfa8     libucrtd:report_runtime_error.obj
 0003:000025d0       ___acrt_error_mode         1009d5d0     libucrtd:set_error_mode.obj
 0003:000025d4       _console_ctrl_handler_installed 1009d5d4     libucrtd:signal.obj
 0003:000025d8       _ctrlc_action              1009d5d8     libucrtd:signal.obj
 0003:000025dc       _ctrlbreak_action          1009d5dc     libucrtd:signal.obj
 0003:000025e0       _abort_action              1009d5e0     libucrtd:signal.obj
 0003:000025e4       _term_action               1009d5e4     libucrtd:signal.obj
 0003:000025e8       _module_handles            1009d5e8     libucrtd:winapi_thunks.obj
 0003:00002638       _encoded_function_pointers 1009d638     libucrtd:winapi_thunks.obj
 0003:000026b8       ?static_enum_proc@?1??enum_system_locales_ex_nolock@@YAHQ6GHPA_WKJ@Z@Z@4P6GH0KJ@ZA 1009d6b8     libucrtd:winapi_thunks.obj
 0003:000026bc       ?state_cache@?1??__acrt_is_packaged_app@@9@4JA 1009d6bc     libucrtd:winapi_thunks.obj
 0003:000028c4       _enable_percent_n          1009d8c4     libucrtd:printf_count_output.obj
 0003:000028e8       ___acrt_lock_table         1009d8e8     libucrtd:locks.obj
 0003:00002a20       ___acrt_locks_initialized  1009da20     libucrtd:locks.obj
 0003:00002a38       _fSystemSet                1009da38     libucrtd:mbctype.obj
 0003:00002a40       ?initialized@?1??__acrt_initialize_multibyte@@9@4_NA 1009da40     libucrtd:mbctype.obj
 0003:00002a64       ___acrt_new_handler        1009da64     libucrtd:new_handler.obj
 0003:00002a68       _user_matherr              1009da68     libucrtd:matherr.obj
 0003:00002a6c       ___acrt_global_new_mode    1009da6c     libucrtd:new_mode.obj
 0003:00002a7c       __pmatherr_set             1009da7c     libucrtd:libm_error.obj
 0004:00000000       __guard_fids____dcrt_uninitialize_environments_nolock 1009e000     libucrtd:environment_initialization.obj
 0004:00000008       __guard_fids__             1009e008     libucrtd:initialization.obj
 0004:00000068       __guard_fids_?get_terminate_or_default@@YAP6AXXZQBU__acrt_ptd@@@Z 1009e068     libucrtd:terminate.obj
 0004:0000006c       __guard_fids_??$common_show_message_box@D@@YAHQBD0I@Z 1009e06c     libucrtd:crtmbox.obj
 0004:00000070       __guard_fids_??$common_show_message_box@_W@@YAHQB_W0I@Z 1009e070     libucrtd:crtmbox.obj
 0004:00000074       __guard_fids__signal       1009e074     libucrtd:signal.obj
 0004:00000078       __guard_fids__             1009e078     libucrtd:stdio_initializer.obj
 0004:0000007c       __guard_fids__             1009e07c     libucrtd:stdio_initializer.obj
 0004:00000080       __guard_fids_??B<lambda_5a01b672d24c8480ee9d6bdb50dd3881>@@QBEP6GHPA_W@ZXZ 1009e080     libucrtd:winapi_thunks.obj
 0004:00000084       __guard_fids____acrt_initialize_ptd 1009e084     libucrtd:per_thread_data.obj
 0004:00000088       __guard_fids__             1009e088     libucrtd:wsetlocale.obj
 0004:000000a0       __guard_fids_??B<lambda_44bb73bbef6fb157e8b5a36d72f75f86>@@QBEP6AHPBX0@ZXZ 1009e0a0     libucrtd:argv_wildcards.obj
 0004:000000a4       __guard_fids_??B<lambda_0d0802f125cf2a7db435cb2ddf42441c>@@QBEP6AHPBX0@ZXZ 1009e0a4     libucrtd:argv_wildcards.obj
 0004:000000a8       __guard_fids__             1009e0a8     libucrtd:debug_heap_hook.obj
 0004:000000ac       __guard_fids__             1009e0ac     libucrtd:locale_initializer.obj
 0004:000000b0       __guard_fids__GetLocaleNameFromLangCountry 1009e0b0     libucrtd:get_qualified_locale.obj
 0004:000000b4       __guard_fids__GetLocaleNameFromLanguage 1009e0b4     libucrtd:get_qualified_locale.obj
 0004:000000b8       __guard_fids__GetLcidFromLangCountry 1009e0b8     libucrtd:getqloc_downlevel.obj
 0004:000000bc       __guard_fids__GetLcidFromLanguage 1009e0bc     libucrtd:getqloc_downlevel.obj
 0004:000000c0       __guard_fids__GetLcidFromCountry 1009e0c0     libucrtd:getqloc_downlevel.obj
 0004:000000c4       __guard_fids__             1009e0c4     libucrtd:multibyte_initializer.obj
 0004:000000c8       __guard_fids____libm_error_support 1009e0c8     libucrtd:libm_error.obj
 0004:000000cc       __guard_fids__             1009e0cc     libucrtd:console_output_initializer.obj
 0004:000000d0       __guard_fids__             1009e0d0     libucrtd:sse2_initializer.obj
 0004:000000d4       __guard_fids___CRT_RTC_INIT 1009e0d4     LIBCMTD:_init_.obj
 0004:000000d8       __guard_fids___CRT_RTC_INITW 1009e0d8     LIBCMTD:_init_.obj
 0004:000000dc       __guard_fids_?dllmain_crt_process_attach@@YAHQAUHINSTANCE__@@QAX@Z 1009e0dc     LIBCMTD:dll_dllmain.obj
 0004:000000e4       __guard_fids_?dllmain_dispatch@@YAHQAUHINSTANCE__@@KQAX@Z 1009e0e4     LIBCMTD:dll_dllmain.obj
 0004:000000e8       __guard_fids____scrt_set_unhandled_exception_filter 1009e0e8     LIBCMTD:utility_desktop.obj
 0004:000000ec       __guard_fids__             1009e0ec     LIBCMTD:guard_support.obj
 0004:000000f0       __guard_fids___guard_icall_checks_enforced 1009e0f0     LIBCMTD:guard_support.obj
 0004:000000f4       __guard_fids_??B<lambda_898920cacc91e508364b5fd76d256868>@@QBEP6APAXI@ZXZ 1009e0f4     libvcruntimed:std_type_info.obj
 0004:000000f8       __guard_fids_??B<lambda_998df822d83bde51c0affd9febd79072>@@QBEP6AXQAX@ZXZ 1009e0f8     libvcruntimed:std_type_info.obj
 0004:000000fc       __guard_fids____vcrt_initialize_ptd 1009e0fc     libvcruntimed:per_thread_data.obj
 0004:00000100       __guard_fids__             1009e100     libvcruntimed:undname.obj
 0004:0000010c       __guard_fids__             1009e10c     libvcruntimed:undname.obj
 0004:00000118       __guard_fids__             1009e118     libvcruntimed:undname.obj
 0004:00000124       __guard_fids__             1009e124     libvcruntimed:undname.obj
 0004:00000130       __guard_fids__             1009e130     libvcruntimed:undname.obj
 0004:0000013c       __guard_fids__             1009e13c     libvcruntimed:undname.obj
 0004:00000148       __guard_fids__             1009e148     LIBCMTD:std_type_info_static.obj
 0004:0000014c       __guard_fids__             1009e14c     libvcruntimed:frame.obj
 0004:00000150       __guard_fids__             1009e150     libvcruntimed:frame.obj
 0004:00000158       __guard_fids__             1009e158     libvcruntimed:frame.obj
 0004:00000160       __guard_fids__             1009e160     libvcruntimed:frame.obj
 0004:00000164       __guard_fids__             1009e164     libvcruntimed:frame.obj
 0004:00000168       __guard_fids__             1009e168     libvcruntimed:frame.obj
 0004:0000016c       __guard_fids_?get_unexpected_or_default@@YAP6AXXZQBU__vcrt_ptd@@@Z 1009e16c     libvcruntimed:unexpected.obj
 0005:000000a0       $R000000                   1009f0a0     modbus.res
 0005:00000310       $R000270                   1009f310     modbus.res
